Archive member included to satisfy reference by file (symbol)

../../../lib/libopencm3/lib/libopencm3_stm32f0.a(rcc.o)
                              regex.o (rcc_clock_setup_in_hsi_out_48mhz)
../../../lib/libopencm3/lib/libopencm3_stm32f0.a(gpio_common_all.o)
                              regex.o (gpio_toggle)
../../../lib/libopencm3/lib/libopencm3_stm32f0.a(gpio_common_f0234.o)
                              regex.o (gpio_mode_setup)
../../../lib/libopencm3/lib/libopencm3_stm32f0.a(flash_common_f01.o)
                              ../../../lib/libopencm3/lib/libopencm3_stm32f0.a(rcc.o) (flash_prefetch_buffer_enable)
../../../lib/libopencm3/lib/libopencm3_stm32f0.a(rcc_common_all.o)
                              regex.o (rcc_periph_clock_enable)
../../../lib/libopencm3/lib/libopencm3_stm32f0.a(usart_common_all.o)
                              regex.o (usart_set_baudrate)
../../../lib/libopencm3/lib/libopencm3_stm32f0.a(usart_common_v2.o)
                              ../../../lib/libopencm3/lib/libopencm3_stm32f0.a(usart_common_all.o) (usart_send)
../../../lib/libopencm3/lib/libopencm3_stm32f0.a(vector.o)
                              (reset_handler)
../../../lib/libopencm3/lib/libopencm3_stm32f0.a(systick.o)
                              regex.o (systick_set_reload)
../../../lib/libopencm3/lib/libopencm3_stm32f0.a(nvic.o)
                              regex.o (nvic_enable_irq)
../../../lib/libopencm3/lib/libopencm3_stm32f0.a(assert.o)
                              ../../../lib/libopencm3/lib/libopencm3_stm32f0.a(rcc.o) (cm3_assert_failed)
../../../lib/libopencm3/lib/libopencm3_stm32f0.a(flash.o)
                              ../../../lib/libopencm3/lib/libopencm3_stm32f0.a(flash_common_f01.o) (flash_get_status_flags)
/usr/lib/gcc/arm-none-eabi/4.9.3/../../../arm-none-eabi/lib/armv6-m/libc.a(lib_a-memcpy.o)
                              ../../../lib/microrl/src/microrl.o (memcpy)
/usr/lib/gcc/arm-none-eabi/4.9.3/../../../arm-none-eabi/lib/armv6-m/libc.a(lib_a-memmove.o)
                              ../../../lib/microrl/src/microrl.o (memmove)
/usr/lib/gcc/arm-none-eabi/4.9.3/../../../arm-none-eabi/lib/armv6-m/libc.a(lib_a-memset.o)
                              ../../../lib/microrl/src/microrl.o (memset)
/usr/lib/gcc/arm-none-eabi/4.9.3/../../../arm-none-eabi/lib/armv6-m/libc.a(lib_a-printf.o)
                              ../../../lib/tiny-regex-c/re.o (printf)
/usr/lib/gcc/arm-none-eabi/4.9.3/../../../arm-none-eabi/lib/armv6-m/libc.a(lib_a-putchar.o)
                              ../../../lib/tiny-regex-c/re.o (putchar)
/usr/lib/gcc/arm-none-eabi/4.9.3/../../../arm-none-eabi/lib/armv6-m/libc.a(lib_a-snprintf.o)
                              ../../../lib/microrl/src/microrl.o (snprintf)
/usr/lib/gcc/arm-none-eabi/4.9.3/../../../arm-none-eabi/lib/armv6-m/libc.a(lib_a-strcmp.o)
                              regex.o (strcmp)
/usr/lib/gcc/arm-none-eabi/4.9.3/../../../arm-none-eabi/lib/armv6-m/libc.a(lib_a-strcpy.o)
                              regex.o (strcpy)
/usr/lib/gcc/arm-none-eabi/4.9.3/../../../arm-none-eabi/lib/armv6-m/libc.a(lib_a-strlen.o)
                              ../../../lib/microrl/src/microrl.o (strlen)
/usr/lib/gcc/arm-none-eabi/4.9.3/../../../arm-none-eabi/lib/armv6-m/libc.a(lib_a-strstr.o)
                              regex.o (strstr)
/usr/lib/gcc/arm-none-eabi/4.9.3/../../../arm-none-eabi/lib/armv6-m/libc.a(lib_a-svfprintf.o)
                              /usr/lib/gcc/arm-none-eabi/4.9.3/../../../arm-none-eabi/lib/armv6-m/libc.a(lib_a-snprintf.o) (_svfprintf_r)
/usr/lib/gcc/arm-none-eabi/4.9.3/../../../arm-none-eabi/lib/armv6-m/libc.a(lib_a-vfprintf.o)
                              /usr/lib/gcc/arm-none-eabi/4.9.3/../../../arm-none-eabi/lib/armv6-m/libc.a(lib_a-printf.o) (_vfprintf_r)
/usr/lib/gcc/arm-none-eabi/4.9.3/../../../arm-none-eabi/lib/armv6-m/libc.a(lib_a-wsetup.o)
                              /usr/lib/gcc/arm-none-eabi/4.9.3/../../../arm-none-eabi/lib/armv6-m/libc.a(lib_a-vfprintf.o) (__swsetup_r)
/usr/lib/gcc/arm-none-eabi/4.9.3/../../../arm-none-eabi/lib/armv6-m/libc.a(lib_a-dtoa.o)
                              /usr/lib/gcc/arm-none-eabi/4.9.3/../../../arm-none-eabi/lib/armv6-m/libc.a(lib_a-svfprintf.o) (_dtoa_r)
/usr/lib/gcc/arm-none-eabi/4.9.3/../../../arm-none-eabi/lib/armv6-m/libc.a(lib_a-fflush.o)
                              /usr/lib/gcc/arm-none-eabi/4.9.3/../../../arm-none-eabi/lib/armv6-m/libc.a(lib_a-vfprintf.o) (_fflush_r)
/usr/lib/gcc/arm-none-eabi/4.9.3/../../../arm-none-eabi/lib/armv6-m/libc.a(lib_a-findfp.o)
                              /usr/lib/gcc/arm-none-eabi/4.9.3/../../../arm-none-eabi/lib/armv6-m/libc.a(lib_a-vfprintf.o) (__sinit)
/usr/lib/gcc/arm-none-eabi/4.9.3/../../../arm-none-eabi/lib/armv6-m/libc.a(lib_a-freer.o)
                              /usr/lib/gcc/arm-none-eabi/4.9.3/../../../arm-none-eabi/lib/armv6-m/libc.a(lib_a-wsetup.o) (_free_r)
/usr/lib/gcc/arm-none-eabi/4.9.3/../../../arm-none-eabi/lib/armv6-m/libc.a(lib_a-fwalk.o)
[...]
Memory Configuration

Name             Origin             Length             Attributes
ram              0x0000000020000000 0x0000000000002000 xrw
rom              0x0000000008000000 0x0000000000010000 xr
*default*        0x0000000000000000 0xffffffffffffffff

Linker script and memory map

LOAD ../../../lib/microrl/src/microrl.o
LOAD ../../../lib/tiny-regex-c/re.o
LOAD regex.o
LOAD ../../../lib/libopencm3/lib/libopencm3_stm32f0.a
START GROUP
LOAD /usr/lib/gcc/arm-none-eabi/4.9.3/../../../arm-none-eabi/lib/armv6-m/libc.a
LOAD /usr/lib/gcc/arm-none-eabi/4.9.3/armv6-m/libgcc.a
LOAD /usr/lib/gcc/arm-none-eabi/4.9.3/../../../arm-none-eabi/lib/armv6-m/libnosys.a
END GROUP
START GROUP
LOAD /usr/lib/gcc/arm-none-eabi/4.9.3/armv6-m/libgcc.a
LOAD /usr/lib/gcc/arm-none-eabi/4.9.3/../../../arm-none-eabi/lib/armv6-m/libg.a
LOAD /usr/lib/gcc/arm-none-eabi/4.9.3/../../../arm-none-eabi/lib/armv6-m/libc.a
END GROUP

.text           0x0000000008000000     0x82d8
 *(.vectors)
 .vectors       0x0000000008000000       0xc0 ../../../lib/libopencm3/lib/libopencm3_stm32f0.a(vector.o)
                0x0000000008000000                vector_table
 *(.text*)
 .text.split    0x00000000080000c0       0x52 ../../../lib/microrl/src/microrl.o
 .text.print_prompt
                0x0000000008000112        0xe ../../../lib/microrl/src/microrl.o
 .text.terminal_newline.isra.1
                0x0000000008000120       0x10 ../../../lib/microrl/src/microrl.o
 .text.terminal_move_cursor.isra.2
                0x0000000008000130       0x44 ../../../lib/microrl/src/microrl.o
 .text.terminal_reset_cursor.isra.3
                0x0000000008000174       0x24 ../../../lib/microrl/src/microrl.o
 .text.terminal_print_line
                0x0000000008000198       0x54 ../../../lib/microrl/src/microrl.o
 .text.hist_search
                0x00000000080001ec      0x100 ../../../lib/microrl/src/microrl.o
 .text.microrl_backspace.part.4
                0x00000000080002ec       0x44 ../../../lib/microrl/src/microrl.o
 .text.microrl_insert_text
                0x0000000008000330       0x66 ../../../lib/microrl/src/microrl.o
 *fill*         0x0000000008000396        0x2 
 .text.microrl_init
                0x0000000008000398       0x48 ../../../lib/microrl/src/microrl.o
                0x0000000008000398                microrl_init
 .text.microrl_set_complete_callback
                0x00000000080003e0        0x6 ../../../lib/microrl/src/microrl.o
                0x00000000080003e0                microrl_set_complete_callback
 .text.microrl_set_execute_callback
                0x00000000080003e6        0x6 ../../../lib/microrl/src/microrl.o
                0x00000000080003e6                microrl_set_execute_callback
 .text.microrl_set_sigint_callback
                0x00000000080003ec        0x6 ../../../lib/microrl/src/microrl.o
                0x00000000080003ec                microrl_set_sigint_callback
 *fill*         0x00000000080003f2        0x2 
 .text.new_line_handler
                0x00000000080003f4      0x10c ../../../lib/microrl/src/microrl.o
                0x00000000080003f4                new_line_handler
 .text.microrl_insert_char
                0x0000000008000500      0x378 ../../../lib/microrl/src/microrl.o
                0x0000000008000500                microrl_insert_char
 .text.matchalphanum
                0x0000000008000878       0x24 ../../../lib/tiny-regex-c/re.o
 .text.matchwhitespace
                0x000000000800089c       0x16 ../../../lib/tiny-regex-c/re.o
 .text.matchcharclass
                0x00000000080008b2       0xea ../../../lib/tiny-regex-c/re.o
 .text.matchone
                0x000000000800099c       0x82 ../../../lib/tiny-regex-c/re.o
 .text.matchpattern
                0x0000000008000a1e       0xac ../../../lib/tiny-regex-c/re.o
 .text.re_matchp
                0x0000000008000aca       0x40 ../../../lib/tiny-regex-c/re.o
                0x0000000008000aca                re_matchp
 *fill*         0x0000000008000b0a        0x2 
 .text.re_compile
                0x0000000008000b0c      0x10c ../../../lib/tiny-regex-c/re.o
                0x0000000008000b0c                re_compile
 .text.re_match
                0x0000000008000c18       0x10 ../../../lib/tiny-regex-c/re.o
                0x0000000008000c18                re_match
 .text.print    0x0000000008000c28       0x2c regex.o
                0x0000000008000c28                print
 .text.sigint   0x0000000008000c54       0x10 regex.o
                0x0000000008000c54                sigint
 .text.complet  0x0000000008000c64       0xa8 regex.o
                0x0000000008000c64                complet
 .text.sys_tick_handler
                0x0000000008000d0c       0x10 regex.o
                0x0000000008000d0c                sys_tick_handler
 .text.usart1_isr
                0x0000000008000d1c       0x34 regex.o
                0x0000000008000d1c                usart1_isr
 .text.startup.main
                0x0000000008000d50       0xfc regex.o
                0x0000000008000d50                main
 .text.print_help
                0x0000000008000e4c       0x4c regex.o
                0x0000000008000e4c                print_help
 .text.execute  0x0000000008000e98      0x198 regex.o
                0x0000000008000e98                execute
 .text.rcc_is_osc_ready
                0x0000000008001030       0x54 ../../../lib/libopencm3/lib/libopencm3_stm32f0.a(rcc.o)
                0x0000000008001030                rcc_is_osc_ready
 .text.rcc_wait_for_osc_ready
                0x0000000008001084       0x10 ../../../lib/libopencm3/lib/libopencm3_stm32f0.a(rcc.o)
                0x0000000008001084                rcc_wait_for_osc_ready
 .text.rcc_osc_on
                0x0000000008001094       0x54 ../../../lib/libopencm3/lib/libopencm3_stm32f0.a(rcc.o)
                0x0000000008001094                rcc_osc_on
 .text.rcc_set_sysclk_source
                0x00000000080010e8       0x44 ../../../lib/libopencm3/lib/libopencm3_stm32f0.a(rcc.o)
                0x00000000080010e8                rcc_set_sysclk_source
 .text.rcc_set_pll_multiplication_factor
                0x000000000800112c       0x18 ../../../lib/libopencm3/lib/libopencm3_stm32f0.a(rcc.o)
                0x000000000800112c                rcc_set_pll_multiplication_factor
 .text.rcc_set_pll_source
                0x0000000008001144       0x18 ../../../lib/libopencm3/lib/libopencm3_stm32f0.a(rcc.o)
                0x0000000008001144                rcc_set_pll_source
 .text.rcc_set_ppre
                0x000000000800115c       0x18 ../../../lib/libopencm3/lib/libopencm3_stm32f0.a(rcc.o)
                0x000000000800115c                rcc_set_ppre
 .text.rcc_set_hpre
                0x0000000008001174       0x14 ../../../lib/libopencm3/lib/libopencm3_stm32f0.a(rcc.o)
                0x0000000008001174                rcc_set_hpre
 .text.rcc_clock_setup_in_hsi_out_48mhz
                0x0000000008001188       0x64 ../../../lib/libopencm3/lib/libopencm3_stm32f0.a(rcc.o)
                0x0000000008001188                rcc_clock_setup_in_hsi_out_48mhz
 .text.gpio_toggle
                0x00000000080011ec       0x10 ../../../lib/libopencm3/lib/libopencm3_stm32f0.a(gpio_common_all.o)
                0x00000000080011ec                gpio_toggle
 .text.gpio_mode_setup
                0x00000000080011fc       0x3c ../../../lib/libopencm3/lib/libopencm3_stm32f0.a(gpio_common_f0234.o)
                0x00000000080011fc                gpio_mode_setup
 .text.gpio_set_af
                0x0000000008001238       0x4e ../../../lib/libopencm3/lib/libopencm3_stm32f0.a(gpio_common_f0234.o)
                0x0000000008001238                gpio_set_af
 *fill*         0x0000000008001286        0x2 
 .text.flash_prefetch_buffer_enable
                0x0000000008001288       0x10 ../../../lib/libopencm3/lib/libopencm3_stm32f0.a(flash_common_f01.o)
                0x0000000008001288                flash_prefetch_buffer_enable
 .text.flash_set_ws
                0x0000000008001298       0x14 ../../../lib/libopencm3/lib/libopencm3_stm32f0.a(flash_common_f01.o)
                0x0000000008001298                flash_set_ws
 .text.rcc_periph_clock_enable
                0x00000000080012ac       0x20 ../../../lib/libopencm3/lib/libopencm3_stm32f0.a(rcc_common_all.o)
                0x00000000080012ac                rcc_periph_clock_enable
 .text.usart_set_baudrate
                0x00000000080012cc       0x1c ../../../lib/libopencm3/lib/libopencm3_stm32f0.a(usart_common_all.o)
                0x00000000080012cc                usart_set_baudrate
 .text.usart_set_databits
                0x00000000080012e8       0x1c ../../../lib/libopencm3/lib/libopencm3_stm32f0.a(usart_common_all.o)
                0x00000000080012e8                usart_set_databits
 .text.usart_set_stopbits
                0x0000000008001304       0x10 ../../../lib/libopencm3/lib/libopencm3_stm32f0.a(usart_common_all.o)
                0x0000000008001304                usart_set_stopbits
 .text.usart_set_parity
                0x0000000008001314       0x10 ../../../lib/libopencm3/lib/libopencm3_stm32f0.a(usart_common_all.o)
                0x0000000008001314                usart_set_parity
 .text.usart_set_mode
                0x0000000008001324        0xc ../../../lib/libopencm3/lib/libopencm3_stm32f0.a(usart_common_all.o)
                0x0000000008001324                usart_set_mode
 .text.usart_set_flow_control
                0x0000000008001330       0x10 ../../../lib/libopencm3/lib/libopencm3_stm32f0.a(usart_common_all.o)
                0x0000000008001330                usart_set_flow_control
 .text.usart_enable
                0x0000000008001340        0xa ../../../lib/libopencm3/lib/libopencm3_stm32f0.a(usart_common_all.o)
                0x0000000008001340                usart_enable
 .text.usart_send_blocking
                0x000000000800134a       0x14 ../../../lib/libopencm3/lib/libopencm3_stm32f0.a(usart_common_all.o)
                0x000000000800134a                usart_send_blocking
 .text.usart_enable_rx_interrupt
                0x000000000800135e        0xa ../../../lib/libopencm3/lib/libopencm3_stm32f0.a(usart_common_all.o)
                0x000000000800135e                usart_enable_rx_interrupt
 .text.usart_send
                0x0000000008001368        0x8 ../../../lib/libopencm3/lib/libopencm3_stm32f0.a(usart_common_v2.o)
                0x0000000008001368                usart_send
 .text.usart_recv
                0x0000000008001370        0x8 ../../../lib/libopencm3/lib/libopencm3_stm32f0.a(usart_common_v2.o)
                0x0000000008001370                usart_recv
 .text.usart_wait_send_ready
                0x0000000008001378        0x8 ../../../lib/libopencm3/lib/libopencm3_stm32f0.a(usart_common_v2.o)
                0x0000000008001378                usart_wait_send_ready
 .text.blocking_handler
                0x0000000008001380        0x2 ../../../lib/libopencm3/lib/libopencm3_stm32f0.a(vector.o)
                0x0000000008001380                rtc_isr
                0x0000000008001380                tim7_isr
                0x0000000008001380                blocking_handler
                0x0000000008001380                tsc_isr
                0x0000000008001380                spi1_isr
                0x0000000008001380                i2c1_isr
                0x0000000008001380                tim17_isr
                0x0000000008001380                i2c2_isr
                0x0000000008001380                usart3_4_isr
                0x0000000008001380                tim1_cc_isr
                0x0000000008001380                exti2_3_isr
                0x0000000008001380                tim16_isr
                0x0000000008001380                pvd_isr
                0x0000000008001380                rcc_isr
                0x0000000008001380                flash_isr
                0x0000000008001380                hard_fault_handler
                0x0000000008001380                tim14_isr
                0x0000000008001380                spi2_isr
                0x0000000008001380                usb_isr
                0x0000000008001380                tim15_isr
                0x0000000008001380                tim3_isr
                0x0000000008001380                usart2_isr
                0x0000000008001380                adc_comp_isr
                0x0000000008001380                dma1_channel1_isr
                0x0000000008001380                tim6_dac_isr
                0x0000000008001380                tim1_brk_up_trg_com_isr
                0x0000000008001380                dma1_channel2_3_isr
                0x0000000008001380                exti4_15_isr
                0x0000000008001380                cec_can_isr
                0x0000000008001380                wwdg_isr
                0x0000000008001380                tim2_isr
                0x0000000008001380                dma1_channel4_5_isr
                0x0000000008001380                exti0_1_isr
 .text.null_handler
                0x0000000008001382        0x2 ../../../lib/libopencm3/lib/libopencm3_stm32f0.a(vector.o)
                0x0000000008001382                null_handler
                0x0000000008001382                sv_call_handler
                0x0000000008001382                pend_sv_handler
                0x0000000008001382                nmi_handler
 .text.reset_handler
                0x0000000008001384       0x8c ../../../lib/libopencm3/lib/libopencm3_stm32f0.a(vector.o)
                0x0000000008001384                reset_handler
 .text.systick_set_reload
                0x0000000008001410       0x10 ../../../lib/libopencm3/lib/libopencm3_stm32f0.a(systick.o)
                0x0000000008001410                systick_set_reload
 .text.systick_set_clocksource
                0x0000000008001420       0x14 ../../../lib/libopencm3/lib/libopencm3_stm32f0.a(systick.o)
                0x0000000008001420                systick_set_clocksource
 .text.systick_interrupt_enable
                0x0000000008001434       0x10 ../../../lib/libopencm3/lib/libopencm3_stm32f0.a(systick.o)
                0x0000000008001434                systick_interrupt_enable
 .text.systick_counter_enable
                0x0000000008001444       0x10 ../../../lib/libopencm3/lib/libopencm3_stm32f0.a(systick.o)
                0x0000000008001444                systick_counter_enable
 .text.nvic_enable_irq
                0x0000000008001454       0x18 ../../../lib/libopencm3/lib/libopencm3_stm32f0.a(nvic.o)
                0x0000000008001454                nvic_enable_irq
 .text.memcpy   0x000000000800146c       0x7c /usr/lib/gcc/arm-none-eabi/4.9.3/../../../arm-none-eabi/lib/armv6-m/libc.a(lib_a-memcpy.o)
                0x000000000800146c                memcpy
 .text.memmove  0x00000000080014e8       0x98 /usr/lib/gcc/arm-none-eabi/4.9.3/../../../arm-none-eabi/lib/armv6-m/libc.a(lib_a-memmove.o)
                0x00000000080014e8                memmove
 .text.memset   0x0000000008001580       0x8c /usr/lib/gcc/arm-none-eabi/4.9.3/../../../arm-none-eabi/lib/armv6-m/libc.a(lib_a-memset.o)
                0x0000000008001580                memset
 .text.snprintf
                0x000000000800160c       0x84 /usr/lib/gcc/arm-none-eabi/4.9.3/../../../arm-none-eabi/lib/armv6-m/libc.a(lib_a-snprintf.o)
                0x000000000800160c                snprintf
 .text          0x0000000008001690       0x88 /usr/lib/gcc/arm-none-eabi/4.9.3/../../../arm-none-eabi/lib/armv6-m/libc.a(lib_a-strcmp.o)
                0x0000000008001690                strcmp
 .text.strcpy   0x0000000008001718       0x10 /usr/lib/gcc/arm-none-eabi/4.9.3/../../../arm-none-eabi/lib/armv6-m/libc.a(lib_a-strcpy.o)
                0x0000000008001718                strcpy
 .text.strlen   0x0000000008001728       0x68 /usr/lib/gcc/arm-none-eabi/4.9.3/../../../arm-none-eabi/lib/armv6-m/libc.a(lib_a-strlen.o)
                0x0000000008001728                strlen
 .text.critical_factorization
                0x0000000008001790       0xc0 /usr/lib/gcc/arm-none-eabi/4.9.3/../../../arm-none-eabi/lib/armv6-m/libc.a(lib_a-strstr.o)
 .text.two_way_long_needle
                0x0000000008001850      0x1f0 /usr/lib/gcc/arm-none-eabi/4.9.3/../../../arm-none-eabi/lib/armv6-m/libc.a(lib_a-strstr.o)
 .text.strstr   0x0000000008001a40      0x228 /usr/lib/gcc/arm-none-eabi/4.9.3/../../../arm-none-eabi/lib/armv6-m/libc.a(lib_a-strstr.o)
                0x0000000008001a40                strstr
 .text._svfprintf_r
                0x0000000008001c68     0x14e4 /usr/lib/gcc/arm-none-eabi/4.9.3/../../../arm-none-eabi/lib/armv6-m/libc.a(lib_a-svfprintf.o)
                0x0000000008001c68                _svfprintf_r
 .text.quorem   0x000000000800314c      0x158 /usr/lib/gcc/arm-none-eabi/4.9.3/../../../arm-none-eabi/lib/armv6-m/libc.a(lib_a-dtoa.o)
 .text._dtoa_r  0x00000000080032a4      0xfb4 /usr/lib/gcc/arm-none-eabi/4.9.3/../../../arm-none-eabi/lib/armv6-m/libc.a(lib_a-dtoa.o)
                0x00000000080032a4                _dtoa_r
 .text._malloc_trim_r
                0x0000000008004258       0xa0 /usr/lib/gcc/arm-none-eabi/4.9.3/../../../arm-none-eabi/lib/armv6-m/libc.a(lib_a-freer.o)
                0x0000000008004258                _malloc_trim_r
 .text._free_r  0x00000000080042f8      0x1b0 /usr/lib/gcc/arm-none-eabi/4.9.3/../../../arm-none-eabi/lib/armv6-m/libc.a(lib_a-freer.o)
                0x00000000080042f8                _free_r
 .text._localeconv_r
                0x00000000080044a8        0x8 /usr/lib/gcc/arm-none-eabi/4.9.3/../../../arm-none-eabi/lib/armv6-m/libc.a(lib_a-locale.o)
                0x00000000080044a8                _localeconv_r
 .text._malloc_r
                0x00000000080044b0      0x53c /usr/lib/gcc/arm-none-eabi/4.9.3/../../../arm-none-eabi/lib/armv6-m/libc.a(lib_a-mallocr.o)
                0x00000000080044b0                _malloc_r
 .text.memchr   0x00000000080049ec       0x84 /usr/lib/gcc/arm-none-eabi/4.9.3/../../../arm-none-eabi/lib/armv6-m/libc.a(lib_a-memchr.o)
                0x00000000080049ec                memchr
 .text.memcmp   0x0000000008004a70       0x50 /usr/lib/gcc/arm-none-eabi/4.9.3/../../../arm-none-eabi/lib/armv6-m/libc.a(lib_a-memcmp.o)
                0x0000000008004a70                memcmp
 .text.__malloc_lock
                0x0000000008004ac0        0x4 /usr/lib/gcc/arm-none-eabi/4.9.3/../../../arm-none-eabi/lib/armv6-m/libc.a(lib_a-mlock.o)
                0x0000000008004ac0                __malloc_lock
 .text.__malloc_unlock
                0x0000000008004ac4        0x4 /usr/lib/gcc/arm-none-eabi/4.9.3/../../../arm-none-eabi/lib/armv6-m/libc.a(lib_a-mlock.o)
                0x0000000008004ac4                __malloc_unlock
 .text._Balloc  0x0000000008004ac8       0x50 /usr/lib/gcc/arm-none-eabi/4.9.3/../../../arm-none-eabi/lib/armv6-m/libc.a(lib_a-mprec.o)
                0x0000000008004ac8                _Balloc
 .text._Bfree   0x0000000008004b18       0x14 /usr/lib/gcc/arm-none-eabi/4.9.3/../../../arm-none-eabi/lib/armv6-m/libc.a(lib_a-mprec.o)
                0x0000000008004b18                _Bfree
 .text.__multadd
                0x0000000008004b2c       0x8c /usr/lib/gcc/arm-none-eabi/4.9.3/../../../arm-none-eabi/lib/armv6-m/libc.a(lib_a-mprec.o)
                0x0000000008004b2c                __multadd
 .text.__hi0bits
                0x0000000008004bb8       0x3c /usr/lib/gcc/arm-none-eabi/4.9.3/../../../arm-none-eabi/lib/armv6-m/libc.a(lib_a-mprec.o)
                0x0000000008004bb8                __hi0bits
 .text.__lo0bits
                0x0000000008004bf4       0x5c /usr/lib/gcc/arm-none-eabi/4.9.3/../../../arm-none-eabi/lib/armv6-m/libc.a(lib_a-mprec.o)
                0x0000000008004bf4                __lo0bits
 .text.__i2b    0x0000000008004c50       0x14 /usr/lib/gcc/arm-none-eabi/4.9.3/../../../arm-none-eabi/lib/armv6-m/libc.a(lib_a-mprec.o)
                0x0000000008004c50                __i2b
 .text.__multiply
                0x0000000008004c64      0x15c /usr/lib/gcc/arm-none-eabi/4.9.3/../../../arm-none-eabi/lib/armv6-m/libc.a(lib_a-mprec.o)
                0x0000000008004c64                __multiply
 .text.__pow5mult
                0x0000000008004dc0       0xbc /usr/lib/gcc/arm-none-eabi/4.9.3/../../../arm-none-eabi/lib/armv6-m/libc.a(lib_a-mprec.o)
                0x0000000008004dc0                __pow5mult
 .text.__lshift
                0x0000000008004e7c       0xcc /usr/lib/gcc/arm-none-eabi/4.9.3/../../../arm-none-eabi/lib/armv6-m/libc.a(lib_a-mprec.o)
                0x0000000008004e7c                __lshift
 .text.__mcmp   0x0000000008004f48       0x38 /usr/lib/gcc/arm-none-eabi/4.9.3/../../../arm-none-eabi/lib/armv6-m/libc.a(lib_a-mprec.o)
                0x0000000008004f48                __mcmp
 .text.__mdiff  0x0000000008004f80       0xec /usr/lib/gcc/arm-none-eabi/4.9.3/../../../arm-none-eabi/lib/armv6-m/libc.a(lib_a-mprec.o)
                0x0000000008004f80                __mdiff
 .text.__d2b    0x000000000800506c       0xbc /usr/lib/gcc/arm-none-eabi/4.9.3/../../../arm-none-eabi/lib/armv6-m/libc.a(lib_a-mprec.o)
                0x000000000800506c                __d2b
 .text.__fpclassifyd
                0x0000000008005128       0x5c /usr/lib/gcc/arm-none-eabi/4.9.3/../../../arm-none-eabi/lib/armv6-m/libc.a(lib_a-s_fpclassify.o)
                0x0000000008005128                __fpclassifyd
 .text._sbrk_r  0x0000000008005184       0x24 /usr/lib/gcc/arm-none-eabi/4.9.3/../../../arm-none-eabi/lib/armv6-m/libc.a(lib_a-sbrkr.o)
                0x0000000008005184                _sbrk_r
 .text.strchr   0x00000000080051a8       0xd8 /usr/lib/gcc/arm-none-eabi/4.9.3/../../../arm-none-eabi/lib/armv6-m/libc.a(lib_a-strchr.o)
                0x00000000080051a8                strchr
 .text.__ssprint_r
                0x0000000008005280      0x12c /usr/lib/gcc/arm-none-eabi/4.9.3/../../../arm-none-eabi/lib/armv6-m/libc.a(lib_a-svfiprintf.o)
                0x0000000008005280                __ssprint_r
 .text._calloc_r
                0x00000000080053ac       0x60 /usr/lib/gcc/arm-none-eabi/4.9.3/../../../arm-none-eabi/lib/armv6-m/libc.a(lib_a-callocr.o)
                0x00000000080053ac                _calloc_r
 .text._realloc_r
                0x000000000800540c      0x3d0 /usr/lib/gcc/arm-none-eabi/4.9.3/../../../arm-none-eabi/lib/armv6-m/libc.a(lib_a-reallocr.o)
                0x000000000800540c                _realloc_r
 .text          0x00000000080057dc       0x14 /usr/lib/gcc/arm-none-eabi/4.9.3/armv6-m/libgcc.a(_thumb1_case_uqi.o)
                0x00000000080057dc                __gnu_thumb1_case_uqi
 .text          0x00000000080057f0      0x120 /usr/lib/gcc/arm-none-eabi/4.9.3/armv6-m/libgcc.a(_udivsi3.o)
                0x00000000080057f0                __udivsi3
                0x00000000080057f0                __aeabi_uidiv
                0x00000000080058fc                __aeabi_uidivmod
 .text          0x0000000008005910      0x1e0 /usr/lib/gcc/arm-none-eabi/4.9.3/armv6-m/libgcc.a(_divsi3.o)
                0x0000000008005910                __aeabi_idiv
                0x0000000008005910                __divsi3
                0x0000000008005adc                __aeabi_idivmod
 .text          0x0000000008005af0        0x4 /usr/lib/gcc/arm-none-eabi/4.9.3/armv6-m/libgcc.a(_dvmd_tls.o)
                0x0000000008005af0                __aeabi_ldiv0
                0x0000000008005af0                __aeabi_idiv0
 .text          0x0000000008005af4       0x7c /usr/lib/gcc/arm-none-eabi/4.9.3/armv6-m/libgcc.a(_arm_cmpdf2.o)
                0x0000000008005af4                __aeabi_cdrcmple
                0x0000000008005b04                __aeabi_cdcmple
                0x0000000008005b04                __aeabi_cdcmpeq
                0x0000000008005b14                __aeabi_dcmpeq
                0x0000000008005b20                __aeabi_dcmplt
                0x0000000008005b34                __aeabi_dcmple
                0x0000000008005b48                __aeabi_dcmpgt
                0x0000000008005b5c                __aeabi_dcmpge
 .text          0x0000000008005b70       0x40 /usr/lib/gcc/arm-none-eabi/4.9.3/armv6-m/libgcc.a(_aeabi_uldivmod.o)
                0x0000000008005b70                __aeabi_uldivmod
 .text          0x0000000008005bb0       0x6c /usr/lib/gcc/arm-none-eabi/4.9.3/armv6-m/libgcc.a(bpabi.o)
                0x0000000008005bb0                __gnu_ldivmod_helper
                0x0000000008005be8                __gnu_uldivmod_helper
 .text          0x0000000008005c1c      0x650 /usr/lib/gcc/arm-none-eabi/4.9.3/armv6-m/libgcc.a(adddf3.o)
                0x0000000008005c1c                __aeabi_dadd
 .text          0x000000000800626c      0x648 /usr/lib/gcc/arm-none-eabi/4.9.3/armv6-m/libgcc.a(divdf3.o)
                0x000000000800626c                __aeabi_ddiv
 .text          0x00000000080068b4       0x88 /usr/lib/gcc/arm-none-eabi/4.9.3/armv6-m/libgcc.a(eqdf2.o)
                0x00000000080068b4                __eqdf2
                0x00000000080068b4                __nedf2
 .text          0x000000000800693c       0xe0 /usr/lib/gcc/arm-none-eabi/4.9.3/armv6-m/libgcc.a(gedf2.o)
                0x000000000800693c                __gtdf2
                0x000000000800693c                __gedf2
 .text          0x0000000008006a1c       0xcc /usr/lib/gcc/arm-none-eabi/4.9.3/armv6-m/libgcc.a(ledf2.o)
                0x0000000008006a1c                __ltdf2
                0x0000000008006a1c                __ledf2
 .text          0x0000000008006ae8      0x534 /usr/lib/gcc/arm-none-eabi/4.9.3/armv6-m/libgcc.a(muldf3.o)
                0x0000000008006ae8                __aeabi_dmul
 .text          0x000000000800701c      0x6f4 /usr/lib/gcc/arm-none-eabi/4.9.3/armv6-m/libgcc.a(subdf3.o)
                0x000000000800701c                __aeabi_dsub
 .text          0x0000000008007710       0x6c /usr/lib/gcc/arm-none-eabi/4.9.3/armv6-m/libgcc.a(fixdfsi.o)
                0x0000000008007710                __aeabi_d2iz
 .text          0x000000000800777c       0x78 /usr/lib/gcc/arm-none-eabi/4.9.3/armv6-m/libgcc.a(floatsidf.o)
                0x000000000800777c                __aeabi_i2d
 .text          0x00000000080077f4       0x64 /usr/lib/gcc/arm-none-eabi/4.9.3/armv6-m/libgcc.a(floatunsidf.o)
                0x00000000080077f4                __aeabi_ui2d
 .text          0x0000000008007858       0x3c /usr/lib/gcc/arm-none-eabi/4.9.3/armv6-m/libgcc.a(_clzsi2.o)
                0x0000000008007858                __clzsi2
 .text          0x0000000008007894       0x54 /usr/lib/gcc/arm-none-eabi/4.9.3/armv6-m/libgcc.a(_muldi3.o)
                0x0000000008007894                __aeabi_lmul
                0x0000000008007894                __muldi3
 .text          0x00000000080078e8      0x1f0 /usr/lib/gcc/arm-none-eabi/4.9.3/armv6-m/libgcc.a(_divdi3.o)
                0x00000000080078e8                __divdi3
 .text          0x0000000008007ad8      0x158 /usr/lib/gcc/arm-none-eabi/4.9.3/armv6-m/libgcc.a(_udivdi3.o)
                0x0000000008007ad8                __udivdi3
 .text          0x0000000008007c30       0x18 /usr/lib/gcc/arm-none-eabi/4.9.3/armv6-m/libgcc.a(_clzdi2.o)
                0x0000000008007c30                __clzdi2
 .text._sbrk    0x0000000008007c48       0x1c /usr/lib/gcc/arm-none-eabi/4.9.3/../../../arm-none-eabi/lib/armv6-m/libnosys.a(sbrk.o)
                0x0000000008007c48                _sbrk
                0x0000000008007c64                . = ALIGN (0x4)
 *(.rodata*)
 .rodata.str1.1
                0x0000000008007c64       0x44 ../../../lib/microrl/src/microrl.o
                                         0x50 (size before relaxing)
 .rodata.str1.1
                0x0000000008007ca8      0x2c7 regex.o
                                        0x2ca (size before relaxing)
 *fill*         0x0000000008007f6f        0x1 
 .rodata._svfprintf_r
                0x0000000008007f70      0x164 /usr/lib/gcc/arm-none-eabi/4.9.3/../../../arm-none-eabi/lib/armv6-m/libc.a(lib_a-svfprintf.o)
 .rodata.zeroes.6911
                0x00000000080080d4       0x10 /usr/lib/gcc/arm-none-eabi/4.9.3/../../../arm-none-eabi/lib/armv6-m/libc.a(lib_a-svfprintf.o)
 .rodata.blanks.6910
                0x00000000080080e4       0x10 /usr/lib/gcc/arm-none-eabi/4.9.3/../../../arm-none-eabi/lib/armv6-m/libc.a(lib_a-svfprintf.o)
 .rodata.str1.4
                0x00000000080080f4       0x42 /usr/lib/gcc/arm-none-eabi/4.9.3/../../../arm-none-eabi/lib/armv6-m/libc.a(lib_a-svfprintf.o)
                                         0x44 (size before relaxing)
 *fill*         0x0000000008008136        0x2 
 .rodata.str1.4
                0x0000000008008138       0x10 /usr/lib/gcc/arm-none-eabi/4.9.3/../../../arm-none-eabi/lib/armv6-m/libc.a(lib_a-dtoa.o)
                                         0x14 (size before relaxing)
 .rodata.str1.4
                0x0000000008008148        0x2 /usr/lib/gcc/arm-none-eabi/4.9.3/../../../arm-none-eabi/lib/armv6-m/libc.a(lib_a-impure.o)
                                          0x4 (size before relaxing)
 *fill*         0x000000000800814a        0x2 
 .rodata.str1.4
                0x000000000800814c        0xc /usr/lib/gcc/arm-none-eabi/4.9.3/../../../arm-none-eabi/lib/armv6-m/libc.a(lib_a-locale.o)
                                         0x14 (size before relaxing)
 .rodata.__mprec_tens
                0x0000000008008158       0xc8 /usr/lib/gcc/arm-none-eabi/4.9.3/../../../arm-none-eabi/lib/armv6-m/libc.a(lib_a-mprec.o)
                0x0000000008008158                __mprec_tens
 .rodata.p05.5302
                0x0000000008008220        0xc /usr/lib/gcc/arm-none-eabi/4.9.3/../../../arm-none-eabi/lib/armv6-m/libc.a(lib_a-mprec.o)
 *fill*         0x000000000800822c        0x4 
 .rodata.__mprec_bigtens
                0x0000000008008230       0x28 /usr/lib/gcc/arm-none-eabi/4.9.3/../../../arm-none-eabi/lib/armv6-m/libc.a(lib_a-mprec.o)
                0x0000000008008230                __mprec_bigtens
 .rodata        0x0000000008008258       0x40 /usr/lib/gcc/arm-none-eabi/4.9.3/armv6-m/libgcc.a(divdf3.o)
 .rodata        0x0000000008008298       0x40 /usr/lib/gcc/arm-none-eabi/4.9.3/armv6-m/libgcc.a(muldf3.o)
                0x00000000080082d8                . = ALIGN (0x4)

.glue_7         0x00000000080082d8        0x0
 .glue_7        0x00000000080082d8        0x0 linker stubs

.glue_7t        0x00000000080082d8        0x0
 .glue_7t       0x00000000080082d8        0x0 linker stubs

.vfp11_veneer   0x00000000080082d8        0x0
 .vfp11_veneer  0x00000000080082d8        0x0 linker stubs

.v4_bx          0x00000000080082d8        0x0
 .v4_bx         0x00000000080082d8        0x0 linker stubs

.iplt           0x00000000080082d8        0x0
 .iplt          0x00000000080082d8        0x0 ../../../lib/microrl/src/microrl.o

.preinit_array  0x00000000080082d8        0x0
                0x00000000080082d8                . = ALIGN (0x4)
                0x00000000080082d8                __preinit_array_start = .
 *(.preinit_array)
                0x00000000080082d8                __preinit_array_end = .

.init_array     0x00000000080082d8        0x0
                0x00000000080082d8                . = ALIGN (0x4)
                0x00000000080082d8                __init_array_start = .
 *(SORT(.init_array.*))
 *(.init_array)
                0x00000000080082d8                __init_array_end = .

.fini_array     0x00000000080082d8        0x0
                0x00000000080082d8                . = ALIGN (0x4)
                0x00000000080082d8                __fini_array_start = .
 *(.fini_array)
 *(SORT(.fini_array.*))
                0x00000000080082d8                __fini_array_end = .

.ARM.extab
 *(.ARM.extab*)

.ARM.exidx      0x00000000080082d8        0x8
                0x00000000080082d8                __exidx_start = .
 *(.ARM.exidx*)
 .ARM.exidx     0x00000000080082d8        0x8 /usr/lib/gcc/arm-none-eabi/4.9.3/armv6-m/libgcc.a(_divdi3.o)
 .ARM.exidx     0x00000000080082e0        0x0 /usr/lib/gcc/arm-none-eabi/4.9.3/armv6-m/libgcc.a(_udivdi3.o)
                                          0x8 (size before relaxing)
                0x00000000080082e0                __exidx_end = .

.rel.dyn        0x00000000080082e0        0x0
 .rel.iplt      0x00000000080082e0        0x0 ../../../lib/microrl/src/microrl.o
                0x00000000080082e0                . = ALIGN (0x4)
                0x00000000080082e0                _etext = .

.data           0x0000000020000000      0x8ac load address 0x00000000080082e0
                0x0000000020000000                _data = .
 *(.data*)
 .data.prompt_default
                0x0000000020000000        0x4 ../../../lib/microrl/src/microrl.o
                0x0000000020000000                prompt_default
 .data.prl      0x0000000020000004        0x4 regex.o
                0x0000000020000004                prl
 .data.ver_keyworld
                0x0000000020000008        0x8 regex.o
                0x0000000020000008                ver_keyworld
 .data.keyworld
                0x0000000020000010       0x1c regex.o
                0x0000000020000010                keyworld
 .data.rcc_ahb_frequency
                0x000000002000002c        0x4 ../../../lib/libopencm3/lib/libopencm3_stm32f0.a(rcc.o)
                0x000000002000002c                rcc_ahb_frequency
 .data.rcc_apb1_frequency
                0x0000000020000030        0x4 ../../../lib/libopencm3/lib/libopencm3_stm32f0.a(rcc.o)
                0x0000000020000030                rcc_apb1_frequency
 *fill*         0x0000000020000034        0x4 
 .data.impure_data
                0x0000000020000038      0x428 /usr/lib/gcc/arm-none-eabi/4.9.3/../../../arm-none-eabi/lib/armv6-m/libc.a(lib_a-impure.o)
 .data._impure_ptr
                0x0000000020000460        0x4 /usr/lib/gcc/arm-none-eabi/4.9.3/../../../arm-none-eabi/lib/armv6-m/libc.a(lib_a-impure.o)
                0x0000000020000460                _impure_ptr
 .data.lconv    0x0000000020000464       0x38 /usr/lib/gcc/arm-none-eabi/4.9.3/../../../arm-none-eabi/lib/armv6-m/libc.a(lib_a-locale.o)
 .data.__malloc_av_
                0x000000002000049c      0x408 /usr/lib/gcc/arm-none-eabi/4.9.3/../../../arm-none-eabi/lib/armv6-m/libc.a(lib_a-mallocr.o)
                0x000000002000049c                __malloc_av_
 .data.__malloc_trim_threshold
                0x00000000200008a4        0x4 /usr/lib/gcc/arm-none-eabi/4.9.3/../../../arm-none-eabi/lib/armv6-m/libc.a(lib_a-mallocr.o)
                0x00000000200008a4                __malloc_trim_threshold
 .data.__malloc_sbrk_base
                0x00000000200008a8        0x4 /usr/lib/gcc/arm-none-eabi/4.9.3/../../../arm-none-eabi/lib/armv6-m/libc.a(lib_a-mallocr.o)
                0x00000000200008a8                __malloc_sbrk_base
                0x00000000200008ac                . = ALIGN (0x4)
                0x00000000200008ac                _edata = .
                0x00000000080082e0                _data_loadaddr = LOADADDR (.data)

.igot.plt       0x00000000200008ac        0x0 load address 0x0000000008008b8c
 .igot.plt      0x00000000200008ac        0x0 ../../../lib/microrl/src/microrl.o

.bss            0x00000000200008ac      0x254 load address 0x0000000008008b8c
 *(.bss*)
 .bss.re_compiled.4860
                0x00000000200008ac       0xf0 ../../../lib/tiny-regex-c/re.o
 .bss.ccl_buf.4861
                0x000000002000099c       0x28 ../../../lib/tiny-regex-c/re.o
 .bss.compl_world
                0x00000000200009c4       0x20 regex.o
                0x00000000200009c4                compl_world
 .bss.rl        0x00000000200009e4       0xd4 regex.o
                0x00000000200009e4                rl
 .bss.system_millis
                0x0000000020000ab8        0x4 regex.o
                0x0000000020000ab8                system_millis
 .bss.name      0x0000000020000abc        0x8 regex.o
                0x0000000020000abc                name
 .bss.__malloc_max_total_mem
                0x0000000020000ac4        0x4 /usr/lib/gcc/arm-none-eabi/4.9.3/../../../arm-none-eabi/lib/armv6-m/libc.a(lib_a-mallocr.o)
                0x0000000020000ac4                __malloc_max_total_mem
 .bss.__malloc_max_sbrked_mem
                0x0000000020000ac8        0x4 /usr/lib/gcc/arm-none-eabi/4.9.3/../../../arm-none-eabi/lib/armv6-m/libc.a(lib_a-mallocr.o)
                0x0000000020000ac8                __malloc_max_sbrked_mem
 .bss.__malloc_top_pad
                0x0000000020000acc        0x4 /usr/lib/gcc/arm-none-eabi/4.9.3/../../../arm-none-eabi/lib/armv6-m/libc.a(lib_a-mallocr.o)
                0x0000000020000acc                __malloc_top_pad
 .bss.__malloc_current_mallinfo
                0x0000000020000ad0       0x28 /usr/lib/gcc/arm-none-eabi/4.9.3/../../../arm-none-eabi/lib/armv6-m/libc.a(lib_a-mallocr.o)
                0x0000000020000ad0                __malloc_current_mallinfo
 .bss.heap_end.4079
                0x0000000020000af8        0x4 /usr/lib/gcc/arm-none-eabi/4.9.3/../../../arm-none-eabi/lib/armv6-m/libnosys.a(sbrk.o)
 *(COMMON)
 COMMON         0x0000000020000afc        0x4 /usr/lib/gcc/arm-none-eabi/4.9.3/../../../arm-none-eabi/lib/armv6-m/libc.a(lib_a-reent.o)
                0x0000000020000afc                errno
                0x0000000020000b00                . = ALIGN (0x4)
                0x0000000020000b00                _ebss = .

/DISCARD/
 *(.eh_frame)
                0x0000000020000b00                . = ALIGN (0x4)
                0x0000000020000b00                end = .
                0x0000000020002000                PROVIDE (_stack, (ORIGIN (ram) + LENGTH (ram)))
OUTPUT(regex.elf elf32-littlearm)

.debug_info     0x0000000000000000    0x14220
 .debug_info    0x0000000000000000     0x108b ../../../lib/microrl/src/microrl.o
 .debug_info    0x000000000000108b      0x8f0 ../../../lib/tiny-regex-c/re.o
 .debug_info    0x000000000000197b      0xead regex.o
 .debug_info    0x0000000000002828      0x747 ../../../lib/libopencm3/lib/libopencm3_stm32f0.a(rcc.o)
 .debug_info    0x0000000000002f6f      0x22c ../../../lib/libopencm3/lib/libopencm3_stm32f0.a(gpio_common_all.o)
 .debug_info    0x000000000000319b      0x1f3 ../../../lib/libopencm3/lib/libopencm3_stm32f0.a(gpio_common_f0234.o)
 .debug_info    0x000000000000338e      0x27b ../../../lib/libopencm3/lib/libopencm3_stm32f0.a(flash_common_f01.o)
 .debug_info    0x0000000000003609      0x4f7 ../../../lib/libopencm3/lib/libopencm3_stm32f0.a(rcc_common_all.o)
 .debug_info    0x0000000000003b00      0x4c9 ../../../lib/libopencm3/lib/libopencm3_stm32f0.a(usart_common_all.o)
 .debug_info    0x0000000000003fc9      0x368 ../../../lib/libopencm3/lib/libopencm3_stm32f0.a(usart_common_v2.o)
 .debug_info    0x0000000000004331      0x2a3 ../../../lib/libopencm3/lib/libopencm3_stm32f0.a(vector.o)
 .debug_info    0x00000000000045d4      0x215 ../../../lib/libopencm3/lib/libopencm3_stm32f0.a(systick.o)
 .debug_info    0x00000000000047e9      0x1b0 ../../../lib/libopencm3/lib/libopencm3_stm32f0.a(nvic.o)
 .debug_info    0x0000000000004999      0x131 /usr/lib/gcc/arm-none-eabi/4.9.3/../../../arm-none-eabi/lib/armv6-m/libc.a(lib_a-memcpy.o)
 .debug_info    0x0000000000004aca      0x131 /usr/lib/gcc/arm-none-eabi/4.9.3/../../../arm-none-eabi/lib/armv6-m/libc.a(lib_a-memmove.o)
 .debug_info    0x0000000000004bfb      0x117 /usr/lib/gcc/arm-none-eabi/4.9.3/../../../arm-none-eabi/lib/armv6-m/libc.a(lib_a-memset.o)
 .debug_info    0x0000000000004d12      0xa75 /usr/lib/gcc/arm-none-eabi/4.9.3/../../../arm-none-eabi/lib/armv6-m/libc.a(lib_a-snprintf.o)
 .debug_info    0x0000000000005787       0xcd /usr/lib/gcc/arm-none-eabi/4.9.3/../../../arm-none-eabi/lib/armv6-m/libc.a(lib_a-strcmp.o)
 .debug_info    0x0000000000005854       0xbd /usr/lib/gcc/arm-none-eabi/4.9.3/../../../arm-none-eabi/lib/armv6-m/libc.a(lib_a-strcpy.o)
 .debug_info    0x0000000000005911       0xdd /usr/lib/gcc/arm-none-eabi/4.9.3/../../../arm-none-eabi/lib/armv6-m/libc.a(lib_a-strlen.o)
 .debug_info    0x00000000000059ee      0x4fb /usr/lib/gcc/arm-none-eabi/4.9.3/../../../arm-none-eabi/lib/armv6-m/libc.a(lib_a-strstr.o)
 .debug_info    0x0000000000005ee9     0x168b /usr/lib/gcc/arm-none-eabi/4.9.3/../../../arm-none-eabi/lib/armv6-m/libc.a(lib_a-svfprintf.o)
 .debug_info    0x0000000000007574     0x1353 /usr/lib/gcc/arm-none-eabi/4.9.3/../../../arm-none-eabi/lib/armv6-m/libc.a(lib_a-dtoa.o)
 .debug_info    0x00000000000088c7      0xc06 /usr/lib/gcc/arm-none-eabi/4.9.3/../../../arm-none-eabi/lib/armv6-m/libc.a(lib_a-freer.o)
 .debug_info    0x00000000000094cd      0x894 /usr/lib/gcc/arm-none-eabi/4.9.3/../../../arm-none-eabi/lib/armv6-m/libc.a(lib_a-impure.o)
 .debug_info    0x0000000000009d61      0xc1d /usr/lib/gcc/arm-none-eabi/4.9.3/../../../arm-none-eabi/lib/armv6-m/libc.a(lib_a-locale.o)
 .debug_info    0x000000000000a97e      0xd6e /usr/lib/gcc/arm-none-eabi/4.9.3/../../../arm-none-eabi/lib/armv6-m/libc.a(lib_a-mallocr.o)
 .debug_info    0x000000000000b6ec      0x12b /usr/lib/gcc/arm-none-eabi/4.9.3/../../../arm-none-eabi/lib/armv6-m/libc.a(lib_a-memchr.o)
 .debug_info    0x000000000000b817      0x113 /usr/lib/gcc/arm-none-eabi/4.9.3/../../../arm-none-eabi/lib/armv6-m/libc.a(lib_a-memcmp.o)
 .debug_info    0x000000000000b92a      0x8b4 /usr/lib/gcc/arm-none-eabi/4.9.3/../../../arm-none-eabi/lib/armv6-m/libc.a(lib_a-mlock.o)
 .debug_info    0x000000000000c1de     0x1682 /usr/lib/gcc/arm-none-eabi/4.9.3/../../../arm-none-eabi/lib/armv6-m/libc.a(lib_a-mprec.o)
 .debug_info    0x000000000000d860       0xdb /usr/lib/gcc/arm-none-eabi/4.9.3/../../../arm-none-eabi/lib/armv6-m/libc.a(lib_a-s_fpclassify.o)
 .debug_info    0x000000000000d93b      0x8f4 /usr/lib/gcc/arm-none-eabi/4.9.3/../../../arm-none-eabi/lib/armv6-m/libc.a(lib_a-sbrkr.o)
 .debug_info    0x000000000000e22f      0x116 /usr/lib/gcc/arm-none-eabi/4.9.3/../../../arm-none-eabi/lib/armv6-m/libc.a(lib_a-strchr.o)
 .debug_info    0x000000000000e345     0x103c /usr/lib/gcc/arm-none-eabi/4.9.3/../../../arm-none-eabi/lib/armv6-m/libc.a(lib_a-svfiprintf.o)
 .debug_info    0x000000000000f381      0x9e0 /usr/lib/gcc/arm-none-eabi/4.9.3/../../../arm-none-eabi/lib/armv6-m/libc.a(lib_a-callocr.o)
 .debug_info    0x000000000000fd61      0xcd5 /usr/lib/gcc/arm-none-eabi/4.9.3/../../../arm-none-eabi/lib/armv6-m/libc.a(lib_a-reallocr.o)
 .debug_info    0x0000000000010a36      0x9f8 /usr/lib/gcc/arm-none-eabi/4.9.3/../../../arm-none-eabi/lib/armv6-m/libc.a(lib_a-reent.o)
 .debug_info    0x000000000001142e       0xb9 /usr/lib/gcc/arm-none-eabi/4.9.3/armv6-m/libgcc.a(_thumb1_case_uqi.o)
 .debug_info    0x00000000000114e7       0xb9 /usr/lib/gcc/arm-none-eabi/4.9.3/armv6-m/libgcc.a(_udivsi3.o)
 .debug_info    0x00000000000115a0       0xb9 /usr/lib/gcc/arm-none-eabi/4.9.3/armv6-m/libgcc.a(_divsi3.o)
 .debug_info    0x0000000000011659       0xb9 /usr/lib/gcc/arm-none-eabi/4.9.3/armv6-m/libgcc.a(_dvmd_tls.o)
 .debug_info    0x0000000000011712       0xb9 /usr/lib/gcc/arm-none-eabi/4.9.3/armv6-m/libgcc.a(_arm_cmpdf2.o)
 .debug_info    0x00000000000117cb       0xb9 /usr/lib/gcc/arm-none-eabi/4.9.3/armv6-m/libgcc.a(_aeabi_uldivmod.o)
 .debug_info    0x0000000000011884      0x15e /usr/lib/gcc/arm-none-eabi/4.9.3/armv6-m/libgcc.a(bpabi.o)
 .debug_info    0x00000000000119e2      0x485 /usr/lib/gcc/arm-none-eabi/4.9.3/armv6-m/libgcc.a(adddf3.o)
 .debug_info    0x0000000000011e67      0x5c2 /usr/lib/gcc/arm-none-eabi/4.9.3/armv6-m/libgcc.a(divdf3.o)
 .debug_info    0x0000000000012429      0x1e7 /usr/lib/gcc/arm-none-eabi/4.9.3/armv6-m/libgcc.a(eqdf2.o)
 .debug_info    0x0000000000012610      0x20d /usr/lib/gcc/arm-none-eabi/4.9.3/armv6-m/libgcc.a(gedf2.o)
 .debug_info    0x000000000001281d      0x20d /usr/lib/gcc/arm-none-eabi/4.9.3/armv6-m/libgcc.a(ledf2.o)
 .debug_info    0x0000000000012a2a      0x60a /usr/lib/gcc/arm-none-eabi/4.9.3/armv6-m/libgcc.a(muldf3.o)
 .debug_info    0x0000000000013034      0x4a2 /usr/lib/gcc/arm-none-eabi/4.9.3/armv6-m/libgcc.a(subdf3.o)
 .debug_info    0x00000000000134d6      0x1a2 /usr/lib/gcc/arm-none-eabi/4.9.3/armv6-m/libgcc.a(fixdfsi.o)
 .debug_info    0x0000000000013678      0x1c2 /usr/lib/gcc/arm-none-eabi/4.9.3/armv6-m/libgcc.a(floatsidf.o)
 .debug_info    0x000000000001383a      0x1b7 /usr/lib/gcc/arm-none-eabi/4.9.3/armv6-m/libgcc.a(floatunsidf.o)
 .debug_info    0x00000000000139f1       0xb9 /usr/lib/gcc/arm-none-eabi/4.9.3/armv6-m/libgcc.a(_clzsi2.o)
 .debug_info    0x0000000000013aaa      0x1fa /usr/lib/gcc/arm-none-eabi/4.9.3/armv6-m/libgcc.a(_muldi3.o)
 .debug_info    0x0000000000013ca4      0x261 /usr/lib/gcc/arm-none-eabi/4.9.3/armv6-m/libgcc.a(_divdi3.o)
 .debug_info    0x0000000000013f05      0x1c7 /usr/lib/gcc/arm-none-eabi/4.9.3/armv6-m/libgcc.a(_udivdi3.o)
 .debug_info    0x00000000000140cc       0xb9 /usr/lib/gcc/arm-none-eabi/4.9.3/armv6-m/libgcc.a(_clzdi2.o)
 .debug_info    0x0000000000014185       0x9b /usr/lib/gcc/arm-none-eabi/4.9.3/../../../arm-none-eabi/lib/armv6-m/libnosys.a(sbrk.o)

.debug_abbrev   0x0000000000000000     0x4e43
 .debug_abbrev  0x0000000000000000      0x3e4 ../../../lib/microrl/src/microrl.o
 .debug_abbrev  0x00000000000003e4      0x2e5 ../../../lib/tiny-regex-c/re.o
 .debug_abbrev  0x00000000000006c9      0x29a regex.o
 .debug_abbrev  0x0000000000000963      0x279 ../../../lib/libopencm3/lib/libopencm3_stm32f0.a(rcc.o)
 .debug_abbrev  0x0000000000000bdc      0x10e ../../../lib/libopencm3/lib/libopencm3_stm32f0.a(gpio_common_all.o)
 .debug_abbrev  0x0000000000000cea       0xb7 ../../../lib/libopencm3/lib/libopencm3_stm32f0.a(gpio_common_f0234.o)
 .debug_abbrev  0x0000000000000da1       0xe4 ../../../lib/libopencm3/lib/libopencm3_stm32f0.a(flash_common_f01.o)
 .debug_abbrev  0x0000000000000e85       0xd0 ../../../lib/libopencm3/lib/libopencm3_stm32f0.a(rcc_common_all.o)
 .debug_abbrev  0x0000000000000f55      0x142 ../../../lib/libopencm3/lib/libopencm3_stm32f0.a(usart_common_all.o)
 .debug_abbrev  0x0000000000001097       0xf1 ../../../lib/libopencm3/lib/libopencm3_stm32f0.a(usart_common_v2.o)
 .debug_abbrev  0x0000000000001188      0x12b ../../../lib/libopencm3/lib/libopencm3_stm32f0.a(vector.o)
 .debug_abbrev  0x00000000000012b3      0x139 ../../../lib/libopencm3/lib/libopencm3_stm32f0.a(systick.o)
 .debug_abbrev  0x00000000000013ec       0xa6 ../../../lib/libopencm3/lib/libopencm3_stm32f0.a(nvic.o)
 .debug_abbrev  0x0000000000001492       0xab /usr/lib/gcc/arm-none-eabi/4.9.3/../../../arm-none-eabi/lib/armv6-m/libc.a(lib_a-memcpy.o)
 .debug_abbrev  0x000000000000153d       0xab /usr/lib/gcc/arm-none-eabi/4.9.3/../../../arm-none-eabi/lib/armv6-m/libc.a(lib_a-memmove.o)
 .debug_abbrev  0x00000000000015e8       0x9f /usr/lib/gcc/arm-none-eabi/4.9.3/../../../arm-none-eabi/lib/armv6-m/libc.a(lib_a-memset.o)
 .debug_abbrev  0x0000000000001687      0x227 /usr/lib/gcc/arm-none-eabi/4.9.3/../../../arm-none-eabi/lib/armv6-m/libc.a(lib_a-snprintf.o)
 .debug_abbrev  0x00000000000018ae       0x14 /usr/lib/gcc/arm-none-eabi/4.9.3/../../../arm-none-eabi/lib/armv6-m/libc.a(lib_a-strcmp.o)
 .debug_abbrev  0x00000000000018c2       0x72 /usr/lib/gcc/arm-none-eabi/4.9.3/../../../arm-none-eabi/lib/armv6-m/libc.a(lib_a-strcpy.o)
 .debug_abbrev  0x0000000000001934       0x81 /usr/lib/gcc/arm-none-eabi/4.9.3/../../../arm-none-eabi/lib/armv6-m/libc.a(lib_a-strlen.o)
 .debug_abbrev  0x00000000000019b5      0x1f7 /usr/lib/gcc/arm-none-eabi/4.9.3/../../../arm-none-eabi/lib/armv6-m/libc.a(lib_a-strstr.o)
 .debug_abbrev  0x0000000000001bac      0x36f /usr/lib/gcc/arm-none-eabi/4.9.3/../../../arm-none-eabi/lib/armv6-m/libc.a(lib_a-svfprintf.o)
 .debug_abbrev  0x0000000000001f1b      0x2cd /usr/lib/gcc/arm-none-eabi/4.9.3/../../../arm-none-eabi/lib/armv6-m/libc.a(lib_a-dtoa.o)
 .debug_abbrev  0x00000000000021e8      0x26b /usr/lib/gcc/arm-none-eabi/4.9.3/../../../arm-none-eabi/lib/armv6-m/libc.a(lib_a-freer.o)
 .debug_abbrev  0x0000000000002453      0x180 /usr/lib/gcc/arm-none-eabi/4.9.3/../../../arm-none-eabi/lib/armv6-m/libc.a(lib_a-impure.o)
 .debug_abbrev  0x00000000000025d3      0x2a5 /usr/lib/gcc/arm-none-eabi/4.9.3/../../../arm-none-eabi/lib/armv6-m/libc.a(lib_a-locale.o)
 .debug_abbrev  0x0000000000002878      0x2a2 /usr/lib/gcc/arm-none-eabi/4.9.3/../../../arm-none-eabi/lib/armv6-m/libc.a(lib_a-mallocr.o)
 .debug_abbrev  0x0000000000002b1a       0xab /usr/lib/gcc/arm-none-eabi/4.9.3/../../../arm-none-eabi/lib/armv6-m/libc.a(lib_a-memchr.o)
 .debug_abbrev  0x0000000000002bc5       0x7f /usr/lib/gcc/arm-none-eabi/4.9.3/../../../arm-none-eabi/lib/armv6-m/libc.a(lib_a-memcmp.o)
 .debug_abbrev  0x0000000000002c44      0x19a /usr/lib/gcc/arm-none-eabi/4.9.3/../../../arm-none-eabi/lib/armv6-m/libc.a(lib_a-mlock.o)
 .debug_abbrev  0x0000000000002dde      0x3db /usr/lib/gcc/arm-none-eabi/4.9.3/../../../arm-none-eabi/lib/armv6-m/libc.a(lib_a-mprec.o)
 .debug_abbrev  0x00000000000031b9       0x6f /usr/lib/gcc/arm-none-eabi/4.9.3/../../../arm-none-eabi/lib/armv6-m/libc.a(lib_a-s_fpclassify.o)
 .debug_abbrev  0x0000000000003228      0x1fd /usr/lib/gcc/arm-none-eabi/4.9.3/../../../arm-none-eabi/lib/armv6-m/libc.a(lib_a-sbrkr.o)
 .debug_abbrev  0x0000000000003425       0x83 /usr/lib/gcc/arm-none-eabi/4.9.3/../../../arm-none-eabi/lib/armv6-m/libc.a(lib_a-strchr.o)
 .debug_abbrev  0x00000000000034a8      0x2c5 /usr/lib/gcc/arm-none-eabi/4.9.3/../../../arm-none-eabi/lib/armv6-m/libc.a(lib_a-svfiprintf.o)
 .debug_abbrev  0x000000000000376d      0x213 /usr/lib/gcc/arm-none-eabi/4.9.3/../../../arm-none-eabi/lib/armv6-m/libc.a(lib_a-callocr.o)
 .debug_abbrev  0x0000000000003980      0x250 /usr/lib/gcc/arm-none-eabi/4.9.3/../../../arm-none-eabi/lib/armv6-m/libc.a(lib_a-reallocr.o)
 .debug_abbrev  0x0000000000003bd0      0x24e /usr/lib/gcc/arm-none-eabi/4.9.3/../../../arm-none-eabi/lib/armv6-m/libc.a(lib_a-reent.o)
 .debug_abbrev  0x0000000000003e1e       0x14 /usr/lib/gcc/arm-none-eabi/4.9.3/armv6-m/libgcc.a(_thumb1_case_uqi.o)
 .debug_abbrev  0x0000000000003e32       0x14 /usr/lib/gcc/arm-none-eabi/4.9.3/armv6-m/libgcc.a(_udivsi3.o)
 .debug_abbrev  0x0000000000003e46       0x14 /usr/lib/gcc/arm-none-eabi/4.9.3/armv6-m/libgcc.a(_divsi3.o)
 .debug_abbrev  0x0000000000003e5a       0x14 /usr/lib/gcc/arm-none-eabi/4.9.3/armv6-m/libgcc.a(_dvmd_tls.o)
 .debug_abbrev  0x0000000000003e6e       0x14 /usr/lib/gcc/arm-none-eabi/4.9.3/armv6-m/libgcc.a(_arm_cmpdf2.o)
 .debug_abbrev  0x0000000000003e82       0x14 /usr/lib/gcc/arm-none-eabi/4.9.3/armv6-m/libgcc.a(_aeabi_uldivmod.o)
 .debug_abbrev  0x0000000000003e96       0xb7 /usr/lib/gcc/arm-none-eabi/4.9.3/armv6-m/libgcc.a(bpabi.o)
 .debug_abbrev  0x0000000000003f4d      0x13a /usr/lib/gcc/arm-none-eabi/4.9.3/armv6-m/libgcc.a(adddf3.o)
 .debug_abbrev  0x0000000000004087      0x120 /usr/lib/gcc/arm-none-eabi/4.9.3/armv6-m/libgcc.a(divdf3.o)
 .debug_abbrev  0x00000000000041a7      0x11b /usr/lib/gcc/arm-none-eabi/4.9.3/armv6-m/libgcc.a(eqdf2.o)
 .debug_abbrev  0x00000000000042c2      0x128 /usr/lib/gcc/arm-none-eabi/4.9.3/armv6-m/libgcc.a(gedf2.o)
 .debug_abbrev  0x00000000000043ea      0x128 /usr/lib/gcc/arm-none-eabi/4.9.3/armv6-m/libgcc.a(ledf2.o)
 .debug_abbrev  0x0000000000004512      0x132 /usr/lib/gcc/arm-none-eabi/4.9.3/armv6-m/libgcc.a(muldf3.o)
 .debug_abbrev  0x0000000000004644      0x13a /usr/lib/gcc/arm-none-eabi/4.9.3/armv6-m/libgcc.a(subdf3.o)
 .debug_abbrev  0x000000000000477e      0x119 /usr/lib/gcc/arm-none-eabi/4.9.3/armv6-m/libgcc.a(fixdfsi.o)
 .debug_abbrev  0x0000000000004897      0x10a /usr/lib/gcc/arm-none-eabi/4.9.3/armv6-m/libgcc.a(floatsidf.o)
 .debug_abbrev  0x00000000000049a1      0x10a /usr/lib/gcc/arm-none-eabi/4.9.3/armv6-m/libgcc.a(floatunsidf.o)
 .debug_abbrev  0x0000000000004aab       0x14 /usr/lib/gcc/arm-none-eabi/4.9.3/armv6-m/libgcc.a(_clzsi2.o)
 .debug_abbrev  0x0000000000004abf       0xef /usr/lib/gcc/arm-none-eabi/4.9.3/armv6-m/libgcc.a(_muldi3.o)
 .debug_abbrev  0x0000000000004bae      0x128 /usr/lib/gcc/arm-none-eabi/4.9.3/armv6-m/libgcc.a(_divdi3.o)
 .debug_abbrev  0x0000000000004cd6       0xc7 /usr/lib/gcc/arm-none-eabi/4.9.3/armv6-m/libgcc.a(_udivdi3.o)
 .debug_abbrev  0x0000000000004d9d       0x14 /usr/lib/gcc/arm-none-eabi/4.9.3/armv6-m/libgcc.a(_clzdi2.o)
 .debug_abbrev  0x0000000000004db1       0x92 /usr/lib/gcc/arm-none-eabi/4.9.3/../../../arm-none-eabi/lib/armv6-m/libnosys.a(sbrk.o)

.debug_loc      0x0000000000000000    0x17ddc
 .debug_loc     0x0000000000000000      0xc34 ../../../lib/microrl/src/microrl.o
 .debug_loc     0x0000000000000c34      0x8a4 ../../../lib/tiny-regex-c/re.o
 .debug_loc     0x00000000000014d8      0x263 regex.o
 .debug_loc     0x000000000000173b      0x235 ../../../lib/libopencm3/lib/libopencm3_stm32f0.a(rcc.o)
 .debug_loc     0x0000000000001970       0x76 ../../../lib/libopencm3/lib/libopencm3_stm32f0.a(gpio_common_all.o)
 .debug_loc     0x00000000000019e6      0x17f ../../../lib/libopencm3/lib/libopencm3_stm32f0.a(gpio_common_f0234.o)
 .debug_loc     0x0000000000001b65       0xc6 ../../../lib/libopencm3/lib/libopencm3_stm32f0.a(flash_common_f01.o)
 .debug_loc     0x0000000000001c2b      0x108 ../../../lib/libopencm3/lib/libopencm3_stm32f0.a(rcc_common_all.o)
 .debug_loc     0x0000000000001d33      0x1d6 ../../../lib/libopencm3/lib/libopencm3_stm32f0.a(usart_common_all.o)
 .debug_loc     0x0000000000001f09       0xc3 ../../../lib/libopencm3/lib/libopencm3_stm32f0.a(usart_common_v2.o)
 .debug_loc     0x0000000000001fcc       0xba ../../../lib/libopencm3/lib/libopencm3_stm32f0.a(vector.o)
 .debug_loc     0x0000000000002086       0xc5 ../../../lib/libopencm3/lib/libopencm3_stm32f0.a(systick.o)
 .debug_loc     0x000000000000214b      0x100 ../../../lib/libopencm3/lib/libopencm3_stm32f0.a(nvic.o)
 .debug_loc     0x000000000000224b      0x3b6 /usr/lib/gcc/arm-none-eabi/4.9.3/../../../arm-none-eabi/lib/armv6-m/libc.a(lib_a-memcpy.o)
 .debug_loc     0x0000000000002601      0x47e /usr/lib/gcc/arm-none-eabi/4.9.3/../../../arm-none-eabi/lib/armv6-m/libc.a(lib_a-memmove.o)
 .debug_loc     0x0000000000002a7f      0x1d0 /usr/lib/gcc/arm-none-eabi/4.9.3/../../../arm-none-eabi/lib/armv6-m/libc.a(lib_a-memset.o)
 .debug_loc     0x0000000000002c4f      0x27a /usr/lib/gcc/arm-none-eabi/4.9.3/../../../arm-none-eabi/lib/armv6-m/libc.a(lib_a-snprintf.o)
 .debug_loc     0x0000000000002ec9       0x21 /usr/lib/gcc/arm-none-eabi/4.9.3/../../../arm-none-eabi/lib/armv6-m/libc.a(lib_a-strcpy.o)
 .debug_loc     0x0000000000002eea       0x8f /usr/lib/gcc/arm-none-eabi/4.9.3/../../../arm-none-eabi/lib/armv6-m/libc.a(lib_a-strlen.o)
 .debug_loc     0x0000000000002f79      0xe06 /usr/lib/gcc/arm-none-eabi/4.9.3/../../../arm-none-eabi/lib/armv6-m/libc.a(lib_a-strstr.o)
 .debug_loc     0x0000000000003d7f     0x335c /usr/lib/gcc/arm-none-eabi/4.9.3/../../../arm-none-eabi/lib/armv6-m/libc.a(lib_a-svfprintf.o)
 .debug_loc     0x00000000000070db     0x2d9a /usr/lib/gcc/arm-none-eabi/4.9.3/../../../arm-none-eabi/lib/armv6-m/libc.a(lib_a-dtoa.o)
 .debug_loc     0x0000000000009e75      0x485 /usr/lib/gcc/arm-none-eabi/4.9.3/../../../arm-none-eabi/lib/armv6-m/libc.a(lib_a-freer.o)
 .debug_loc     0x000000000000a2fa       0xf2 /usr/lib/gcc/arm-none-eabi/4.9.3/../../../arm-none-eabi/lib/armv6-m/libc.a(lib_a-locale.o)
 .debug_loc     0x000000000000a3ec      0xd6e /usr/lib/gcc/arm-none-eabi/4.9.3/../../../arm-none-eabi/lib/armv6-m/libc.a(lib_a-mallocr.o)
 .debug_loc     0x000000000000b15a      0x1ad /usr/lib/gcc/arm-none-eabi/4.9.3/../../../arm-none-eabi/lib/armv6-m/libc.a(lib_a-memchr.o)
 .debug_loc     0x000000000000b307      0x118 /usr/lib/gcc/arm-none-eabi/4.9.3/../../../arm-none-eabi/lib/armv6-m/libc.a(lib_a-memcmp.o)
 .debug_loc     0x000000000000b41f     0x1c0f /usr/lib/gcc/arm-none-eabi/4.9.3/../../../arm-none-eabi/lib/armv6-m/libc.a(lib_a-mprec.o)
 .debug_loc     0x000000000000d02e       0x85 /usr/lib/gcc/arm-none-eabi/4.9.3/../../../arm-none-eabi/lib/armv6-m/libc.a(lib_a-s_fpclassify.o)
 .debug_loc     0x000000000000d0b3       0x58 /usr/lib/gcc/arm-none-eabi/4.9.3/../../../arm-none-eabi/lib/armv6-m/libc.a(lib_a-sbrkr.o)
 .debug_loc     0x000000000000d10b      0x156 /usr/lib/gcc/arm-none-eabi/4.9.3/../../../arm-none-eabi/lib/armv6-m/libc.a(lib_a-strchr.o)
 .debug_loc     0x000000000000d261     0x16c8 /usr/lib/gcc/arm-none-eabi/4.9.3/../../../arm-none-eabi/lib/armv6-m/libc.a(lib_a-svfiprintf.o)
 .debug_loc     0x000000000000e929      0x262 /usr/lib/gcc/arm-none-eabi/4.9.3/../../../arm-none-eabi/lib/armv6-m/libc.a(lib_a-callocr.o)
 .debug_loc     0x000000000000eb8b     0x12ea /usr/lib/gcc/arm-none-eabi/4.9.3/../../../arm-none-eabi/lib/armv6-m/libc.a(lib_a-reallocr.o)
 .debug_loc     0x000000000000fe75       0xfc /usr/lib/gcc/arm-none-eabi/4.9.3/../../../arm-none-eabi/lib/armv6-m/libc.a(lib_a-reent.o)
 .debug_loc     0x000000000000ff71       0xe0 /usr/lib/gcc/arm-none-eabi/4.9.3/armv6-m/libgcc.a(bpabi.o)
 .debug_loc     0x0000000000010051     0x1974 /usr/lib/gcc/arm-none-eabi/4.9.3/armv6-m/libgcc.a(adddf3.o)
 .debug_loc     0x00000000000119c5     0x22a6 /usr/lib/gcc/arm-none-eabi/4.9.3/armv6-m/libgcc.a(divdf3.o)
 .debug_loc     0x0000000000013c6b      0x19e /usr/lib/gcc/arm-none-eabi/4.9.3/armv6-m/libgcc.a(eqdf2.o)
 .debug_loc     0x0000000000013e09      0x2eb /usr/lib/gcc/arm-none-eabi/4.9.3/armv6-m/libgcc.a(gedf2.o)
 .debug_loc     0x00000000000140f4      0x2b6 /usr/lib/gcc/arm-none-eabi/4.9.3/armv6-m/libgcc.a(ledf2.o)
 .debug_loc     0x00000000000143aa     0x123f /usr/lib/gcc/arm-none-eabi/4.9.3/armv6-m/libgcc.a(muldf3.o)
 .debug_loc     0x00000000000155e9     0x17f7 /usr/lib/gcc/arm-none-eabi/4.9.3/armv6-m/libgcc.a(subdf3.o)
 .debug_loc     0x0000000000016de0       0xe9 /usr/lib/gcc/arm-none-eabi/4.9.3/armv6-m/libgcc.a(fixdfsi.o)
 .debug_loc     0x0000000000016ec9      0x1ab /usr/lib/gcc/arm-none-eabi/4.9.3/armv6-m/libgcc.a(floatsidf.o)
 .debug_loc     0x0000000000017074      0x1de /usr/lib/gcc/arm-none-eabi/4.9.3/armv6-m/libgcc.a(floatunsidf.o)
 .debug_loc     0x0000000000017252      0x191 /usr/lib/gcc/arm-none-eabi/4.9.3/armv6-m/libgcc.a(_muldi3.o)
 .debug_loc     0x00000000000173e3      0x541 /usr/lib/gcc/arm-none-eabi/4.9.3/armv6-m/libgcc.a(_divdi3.o)
 .debug_loc     0x0000000000017924      0x479 /usr/lib/gcc/arm-none-eabi/4.9.3/armv6-m/libgcc.a(_udivdi3.o)
 .debug_loc     0x0000000000017d9d       0x3f /usr/lib/gcc/arm-none-eabi/4.9.3/../../../arm-none-eabi/lib/armv6-m/libnosys.a(sbrk.o)

.debug_aranges  0x0000000000000000      0xd18
 .debug_aranges
                0x0000000000000000       0x90 ../../../lib/microrl/src/microrl.o
 .debug_aranges
                0x0000000000000090       0x60 ../../../lib/tiny-regex-c/re.o
 .debug_aranges
                0x00000000000000f0       0x58 regex.o
 .debug_aranges
                0x0000000000000148       0xf8 ../../../lib/libopencm3/lib/libopencm3_stm32f0.a(rcc.o)
 .debug_aranges
                0x0000000000000240       0x50 ../../../lib/libopencm3/lib/libopencm3_stm32f0.a(gpio_common_all.o)
 .debug_aranges
                0x0000000000000290       0x30 ../../../lib/libopencm3/lib/libopencm3_stm32f0.a(gpio_common_f0234.o)
 .debug_aranges
                0x00000000000002c0       0x88 ../../../lib/libopencm3/lib/libopencm3_stm32f0.a(flash_common_f01.o)
 .debug_aranges
                0x0000000000000348       0x78 ../../../lib/libopencm3/lib/libopencm3_stm32f0.a(rcc_common_all.o)
 .debug_aranges
                0x00000000000003c0       0xb8 ../../../lib/libopencm3/lib/libopencm3_stm32f0.a(usart_common_all.o)
 .debug_aranges
                0x0000000000000478       0xa8 ../../../lib/libopencm3/lib/libopencm3_stm32f0.a(usart_common_v2.o)
 .debug_aranges
                0x0000000000000520       0x30 ../../../lib/libopencm3/lib/libopencm3_stm32f0.a(vector.o)
 .debug_aranges
                0x0000000000000550       0x78 ../../../lib/libopencm3/lib/libopencm3_stm32f0.a(systick.o)
 .debug_aranges
                0x00000000000005c8       0x50 ../../../lib/libopencm3/lib/libopencm3_stm32f0.a(nvic.o)
 .debug_aranges
                0x0000000000000618       0x20 /usr/lib/gcc/arm-none-eabi/4.9.3/../../../arm-none-eabi/lib/armv6-m/libc.a(lib_a-memcpy.o)
 .debug_aranges
                0x0000000000000638       0x20 /usr/lib/gcc/arm-none-eabi/4.9.3/../../../arm-none-eabi/lib/armv6-m/libc.a(lib_a-memmove.o)
 .debug_aranges
                0x0000000000000658       0x20 /usr/lib/gcc/arm-none-eabi/4.9.3/../../../arm-none-eabi/lib/armv6-m/libc.a(lib_a-memset.o)
 .debug_aranges
                0x0000000000000678       0x28 /usr/lib/gcc/arm-none-eabi/4.9.3/../../../arm-none-eabi/lib/armv6-m/libc.a(lib_a-snprintf.o)
 .debug_aranges
                0x00000000000006a0       0x20 /usr/lib/gcc/arm-none-eabi/4.9.3/../../../arm-none-eabi/lib/armv6-m/libc.a(lib_a-strcmp.o)
 .debug_aranges
                0x00000000000006c0       0x20 /usr/lib/gcc/arm-none-eabi/4.9.3/../../../arm-none-eabi/lib/armv6-m/libc.a(lib_a-strcpy.o)
 .debug_aranges
                0x00000000000006e0       0x20 /usr/lib/gcc/arm-none-eabi/4.9.3/../../../arm-none-eabi/lib/armv6-m/libc.a(lib_a-strlen.o)
 .debug_aranges
                0x0000000000000700       0x30 /usr/lib/gcc/arm-none-eabi/4.9.3/../../../arm-none-eabi/lib/armv6-m/libc.a(lib_a-strstr.o)
 .debug_aranges
                0x0000000000000730       0x20 /usr/lib/gcc/arm-none-eabi/4.9.3/../../../arm-none-eabi/lib/armv6-m/libc.a(lib_a-svfprintf.o)
 .debug_aranges
                0x0000000000000750       0x28 /usr/lib/gcc/arm-none-eabi/4.9.3/../../../arm-none-eabi/lib/armv6-m/libc.a(lib_a-dtoa.o)
 .debug_aranges
                0x0000000000000778       0x28 /usr/lib/gcc/arm-none-eabi/4.9.3/../../../arm-none-eabi/lib/armv6-m/libc.a(lib_a-freer.o)
 .debug_aranges
                0x00000000000007a0       0x18 /usr/lib/gcc/arm-none-eabi/4.9.3/../../../arm-none-eabi/lib/armv6-m/libc.a(lib_a-impure.o)
 .debug_aranges
                0x00000000000007b8       0x58 /usr/lib/gcc/arm-none-eabi/4.9.3/../../../arm-none-eabi/lib/armv6-m/libc.a(lib_a-locale.o)
 .debug_aranges
                0x0000000000000810       0x20 /usr/lib/gcc/arm-none-eabi/4.9.3/../../../arm-none-eabi/lib/armv6-m/libc.a(lib_a-mallocr.o)
 .debug_aranges
                0x0000000000000830       0x20 /usr/lib/gcc/arm-none-eabi/4.9.3/../../../arm-none-eabi/lib/armv6-m/libc.a(lib_a-memchr.o)
 .debug_aranges
                0x0000000000000850       0x20 /usr/lib/gcc/arm-none-eabi/4.9.3/../../../arm-none-eabi/lib/armv6-m/libc.a(lib_a-memcmp.o)
 .debug_aranges
                0x0000000000000870       0x28 /usr/lib/gcc/arm-none-eabi/4.9.3/../../../arm-none-eabi/lib/armv6-m/libc.a(lib_a-mlock.o)
 .debug_aranges
                0x0000000000000898       0xb0 /usr/lib/gcc/arm-none-eabi/4.9.3/../../../arm-none-eabi/lib/armv6-m/libc.a(lib_a-mprec.o)
 .debug_aranges
                0x0000000000000948       0x20 /usr/lib/gcc/arm-none-eabi/4.9.3/../../../arm-none-eabi/lib/armv6-m/libc.a(lib_a-s_fpclassify.o)
 .debug_aranges
                0x0000000000000968       0x20 /usr/lib/gcc/arm-none-eabi/4.9.3/../../../arm-none-eabi/lib/armv6-m/libc.a(lib_a-sbrkr.o)
 .debug_aranges
                0x0000000000000988       0x20 /usr/lib/gcc/arm-none-eabi/4.9.3/../../../arm-none-eabi/lib/armv6-m/libc.a(lib_a-strchr.o)
 .debug_aranges
                0x00000000000009a8       0x28 /usr/lib/gcc/arm-none-eabi/4.9.3/../../../arm-none-eabi/lib/armv6-m/libc.a(lib_a-svfiprintf.o)
 .debug_aranges
                0x00000000000009d0       0x20 /usr/lib/gcc/arm-none-eabi/4.9.3/../../../arm-none-eabi/lib/armv6-m/libc.a(lib_a-callocr.o)
 .debug_aranges
                0x00000000000009f0       0x20 /usr/lib/gcc/arm-none-eabi/4.9.3/../../../arm-none-eabi/lib/armv6-m/libc.a(lib_a-reallocr.o)
 .debug_aranges
                0x0000000000000a10       0x28 /usr/lib/gcc/arm-none-eabi/4.9.3/../../../arm-none-eabi/lib/armv6-m/libc.a(lib_a-reent.o)
 .debug_aranges
                0x0000000000000a38       0x20 /usr/lib/gcc/arm-none-eabi/4.9.3/armv6-m/libgcc.a(_thumb1_case_uqi.o)
 .debug_aranges
                0x0000000000000a58       0x20 /usr/lib/gcc/arm-none-eabi/4.9.3/armv6-m/libgcc.a(_udivsi3.o)
 .debug_aranges
                0x0000000000000a78       0x20 /usr/lib/gcc/arm-none-eabi/4.9.3/armv6-m/libgcc.a(_divsi3.o)
 .debug_aranges
                0x0000000000000a98       0x20 /usr/lib/gcc/arm-none-eabi/4.9.3/armv6-m/libgcc.a(_dvmd_tls.o)
 .debug_aranges
                0x0000000000000ab8       0x20 /usr/lib/gcc/arm-none-eabi/4.9.3/armv6-m/libgcc.a(_arm_cmpdf2.o)
 .debug_aranges
                0x0000000000000ad8       0x20 /usr/lib/gcc/arm-none-eabi/4.9.3/armv6-m/libgcc.a(_aeabi_uldivmod.o)
 .debug_aranges
                0x0000000000000af8       0x20 /usr/lib/gcc/arm-none-eabi/4.9.3/armv6-m/libgcc.a(bpabi.o)
 .debug_aranges
                0x0000000000000b18       0x20 /usr/lib/gcc/arm-none-eabi/4.9.3/armv6-m/libgcc.a(adddf3.o)
 .debug_aranges
                0x0000000000000b38       0x20 /usr/lib/gcc/arm-none-eabi/4.9.3/armv6-m/libgcc.a(divdf3.o)
 .debug_aranges
                0x0000000000000b58       0x20 /usr/lib/gcc/arm-none-eabi/4.9.3/armv6-m/libgcc.a(eqdf2.o)
 .debug_aranges
                0x0000000000000b78       0x20 /usr/lib/gcc/arm-none-eabi/4.9.3/armv6-m/libgcc.a(gedf2.o)
 .debug_aranges
                0x0000000000000b98       0x20 /usr/lib/gcc/arm-none-eabi/4.9.3/armv6-m/libgcc.a(ledf2.o)
 .debug_aranges
                0x0000000000000bb8       0x20 /usr/lib/gcc/arm-none-eabi/4.9.3/armv6-m/libgcc.a(muldf3.o)
 .debug_aranges
                0x0000000000000bd8       0x20 /usr/lib/gcc/arm-none-eabi/4.9.3/armv6-m/libgcc.a(subdf3.o)
 .debug_aranges
                0x0000000000000bf8       0x20 /usr/lib/gcc/arm-none-eabi/4.9.3/armv6-m/libgcc.a(fixdfsi.o)
 .debug_aranges
                0x0000000000000c18       0x20 /usr/lib/gcc/arm-none-eabi/4.9.3/armv6-m/libgcc.a(floatsidf.o)
 .debug_aranges
                0x0000000000000c38       0x20 /usr/lib/gcc/arm-none-eabi/4.9.3/armv6-m/libgcc.a(floatunsidf.o)
 .debug_aranges
                0x0000000000000c58       0x20 /usr/lib/gcc/arm-none-eabi/4.9.3/armv6-m/libgcc.a(_clzsi2.o)
 .debug_aranges
                0x0000000000000c78       0x20 /usr/lib/gcc/arm-none-eabi/4.9.3/armv6-m/libgcc.a(_muldi3.o)
 .debug_aranges
                0x0000000000000c98       0x20 /usr/lib/gcc/arm-none-eabi/4.9.3/armv6-m/libgcc.a(_divdi3.o)
 .debug_aranges
                0x0000000000000cb8       0x20 /usr/lib/gcc/arm-none-eabi/4.9.3/armv6-m/libgcc.a(_udivdi3.o)
 .debug_aranges
                0x0000000000000cd8       0x20 /usr/lib/gcc/arm-none-eabi/4.9.3/armv6-m/libgcc.a(_clzdi2.o)
 .debug_aranges
                0x0000000000000cf8       0x20 /usr/lib/gcc/arm-none-eabi/4.9.3/../../../arm-none-eabi/lib/armv6-m/libnosys.a(sbrk.o)

.debug_ranges   0x0000000000000000     0x1658
 .debug_ranges  0x0000000000000000      0x130 ../../../lib/microrl/src/microrl.o
 .debug_ranges  0x0000000000000130       0xb8 ../../../lib/tiny-regex-c/re.o
 .debug_ranges  0x00000000000001e8       0x48 regex.o
 .debug_ranges  0x0000000000000230      0x110 ../../../lib/libopencm3/lib/libopencm3_stm32f0.a(rcc.o)
 .debug_ranges  0x0000000000000340       0x40 ../../../lib/libopencm3/lib/libopencm3_stm32f0.a(gpio_common_all.o)
 .debug_ranges  0x0000000000000380       0x20 ../../../lib/libopencm3/lib/libopencm3_stm32f0.a(gpio_common_f0234.o)
 .debug_ranges  0x00000000000003a0       0x78 ../../../lib/libopencm3/lib/libopencm3_stm32f0.a(flash_common_f01.o)
 .debug_ranges  0x0000000000000418       0x68 ../../../lib/libopencm3/lib/libopencm3_stm32f0.a(rcc_common_all.o)
 .debug_ranges  0x0000000000000480       0xa8 ../../../lib/libopencm3/lib/libopencm3_stm32f0.a(usart_common_all.o)
 .debug_ranges  0x0000000000000528       0x98 ../../../lib/libopencm3/lib/libopencm3_stm32f0.a(usart_common_v2.o)
 .debug_ranges  0x00000000000005c0       0x20 ../../../lib/libopencm3/lib/libopencm3_stm32f0.a(vector.o)
 .debug_ranges  0x00000000000005e0       0x80 ../../../lib/libopencm3/lib/libopencm3_stm32f0.a(systick.o)
 .debug_ranges  0x0000000000000660       0x40 ../../../lib/libopencm3/lib/libopencm3_stm32f0.a(nvic.o)
 .debug_ranges  0x00000000000006a0       0x10 /usr/lib/gcc/arm-none-eabi/4.9.3/../../../arm-none-eabi/lib/armv6-m/libc.a(lib_a-memcpy.o)
 .debug_ranges  0x00000000000006b0       0x10 /usr/lib/gcc/arm-none-eabi/4.9.3/../../../arm-none-eabi/lib/armv6-m/libc.a(lib_a-memmove.o)
 .debug_ranges  0x00000000000006c0       0x10 /usr/lib/gcc/arm-none-eabi/4.9.3/../../../arm-none-eabi/lib/armv6-m/libc.a(lib_a-memset.o)
 .debug_ranges  0x00000000000006d0       0x18 /usr/lib/gcc/arm-none-eabi/4.9.3/../../../arm-none-eabi/lib/armv6-m/libc.a(lib_a-snprintf.o)
 .debug_ranges  0x00000000000006e8       0x10 /usr/lib/gcc/arm-none-eabi/4.9.3/../../../arm-none-eabi/lib/armv6-m/libc.a(lib_a-strcpy.o)
 .debug_ranges  0x00000000000006f8       0x10 /usr/lib/gcc/arm-none-eabi/4.9.3/../../../arm-none-eabi/lib/armv6-m/libc.a(lib_a-strlen.o)
 .debug_ranges  0x0000000000000708       0x78 /usr/lib/gcc/arm-none-eabi/4.9.3/../../../arm-none-eabi/lib/armv6-m/libc.a(lib_a-strstr.o)
 .debug_ranges  0x0000000000000780      0x118 /usr/lib/gcc/arm-none-eabi/4.9.3/../../../arm-none-eabi/lib/armv6-m/libc.a(lib_a-svfprintf.o)
 .debug_ranges  0x0000000000000898       0x18 /usr/lib/gcc/arm-none-eabi/4.9.3/../../../arm-none-eabi/lib/armv6-m/libc.a(lib_a-dtoa.o)
 .debug_ranges  0x00000000000008b0       0x18 /usr/lib/gcc/arm-none-eabi/4.9.3/../../../arm-none-eabi/lib/armv6-m/libc.a(lib_a-freer.o)
 .debug_ranges  0x00000000000008c8       0x60 /usr/lib/gcc/arm-none-eabi/4.9.3/../../../arm-none-eabi/lib/armv6-m/libc.a(lib_a-locale.o)
 .debug_ranges  0x0000000000000928       0x48 /usr/lib/gcc/arm-none-eabi/4.9.3/../../../arm-none-eabi/lib/armv6-m/libc.a(lib_a-mallocr.o)
 .debug_ranges  0x0000000000000970       0x10 /usr/lib/gcc/arm-none-eabi/4.9.3/../../../arm-none-eabi/lib/armv6-m/libc.a(lib_a-memchr.o)
 .debug_ranges  0x0000000000000980       0x10 /usr/lib/gcc/arm-none-eabi/4.9.3/../../../arm-none-eabi/lib/armv6-m/libc.a(lib_a-memcmp.o)
 .debug_ranges  0x0000000000000990       0x18 /usr/lib/gcc/arm-none-eabi/4.9.3/../../../arm-none-eabi/lib/armv6-m/libc.a(lib_a-mlock.o)
 .debug_ranges  0x00000000000009a8       0xd0 /usr/lib/gcc/arm-none-eabi/4.9.3/../../../arm-none-eabi/lib/armv6-m/libc.a(lib_a-mprec.o)
 .debug_ranges  0x0000000000000a78       0x10 /usr/lib/gcc/arm-none-eabi/4.9.3/../../../arm-none-eabi/lib/armv6-m/libc.a(lib_a-s_fpclassify.o)
 .debug_ranges  0x0000000000000a88       0x10 /usr/lib/gcc/arm-none-eabi/4.9.3/../../../arm-none-eabi/lib/armv6-m/libc.a(lib_a-sbrkr.o)
 .debug_ranges  0x0000000000000a98       0x10 /usr/lib/gcc/arm-none-eabi/4.9.3/../../../arm-none-eabi/lib/armv6-m/libc.a(lib_a-strchr.o)
 .debug_ranges  0x0000000000000aa8       0x40 /usr/lib/gcc/arm-none-eabi/4.9.3/../../../arm-none-eabi/lib/armv6-m/libc.a(lib_a-svfiprintf.o)
 .debug_ranges  0x0000000000000ae8       0x50 /usr/lib/gcc/arm-none-eabi/4.9.3/../../../arm-none-eabi/lib/armv6-m/libc.a(lib_a-callocr.o)
 .debug_ranges  0x0000000000000b38      0x138 /usr/lib/gcc/arm-none-eabi/4.9.3/../../../arm-none-eabi/lib/armv6-m/libc.a(lib_a-reallocr.o)
 .debug_ranges  0x0000000000000c70       0x18 /usr/lib/gcc/arm-none-eabi/4.9.3/../../../arm-none-eabi/lib/armv6-m/libc.a(lib_a-reent.o)
 .debug_ranges  0x0000000000000c88      0x290 /usr/lib/gcc/arm-none-eabi/4.9.3/armv6-m/libgcc.a(adddf3.o)
 .debug_ranges  0x0000000000000f18      0x168 /usr/lib/gcc/arm-none-eabi/4.9.3/armv6-m/libgcc.a(divdf3.o)
 .debug_ranges  0x0000000000001080       0x18 /usr/lib/gcc/arm-none-eabi/4.9.3/armv6-m/libgcc.a(eqdf2.o)
 .debug_ranges  0x0000000000001098       0x60 /usr/lib/gcc/arm-none-eabi/4.9.3/armv6-m/libgcc.a(gedf2.o)
 .debug_ranges  0x00000000000010f8       0x60 /usr/lib/gcc/arm-none-eabi/4.9.3/armv6-m/libgcc.a(ledf2.o)
 .debug_ranges  0x0000000000001158      0x188 /usr/lib/gcc/arm-none-eabi/4.9.3/armv6-m/libgcc.a(muldf3.o)
 .debug_ranges  0x00000000000012e0      0x2a0 /usr/lib/gcc/arm-none-eabi/4.9.3/armv6-m/libgcc.a(subdf3.o)
 .debug_ranges  0x0000000000001580       0x40 /usr/lib/gcc/arm-none-eabi/4.9.3/armv6-m/libgcc.a(fixdfsi.o)
 .debug_ranges  0x00000000000015c0       0x18 /usr/lib/gcc/arm-none-eabi/4.9.3/armv6-m/libgcc.a(floatsidf.o)
 .debug_ranges  0x00000000000015d8       0x18 /usr/lib/gcc/arm-none-eabi/4.9.3/armv6-m/libgcc.a(floatunsidf.o)
 .debug_ranges  0x00000000000015f0       0x28 /usr/lib/gcc/arm-none-eabi/4.9.3/armv6-m/libgcc.a(_muldi3.o)
 .debug_ranges  0x0000000000001618       0x18 /usr/lib/gcc/arm-none-eabi/4.9.3/armv6-m/libgcc.a(_divdi3.o)
 .debug_ranges  0x0000000000001630       0x18 /usr/lib/gcc/arm-none-eabi/4.9.3/armv6-m/libgcc.a(_udivdi3.o)
 .debug_ranges  0x0000000000001648       0x10 /usr/lib/gcc/arm-none-eabi/4.9.3/../../../arm-none-eabi/lib/armv6-m/libnosys.a(sbrk.o)

.debug_macro    0x0000000000000000     0x49c0
 .debug_macro   0x0000000000000000      0x170 ../../../lib/microrl/src/microrl.o
 .debug_macro   0x0000000000000170      0x838 ../../../lib/microrl/src/microrl.o
 .debug_macro   0x00000000000009a8       0x58 ../../../lib/microrl/src/microrl.o
 .debug_macro   0x0000000000000a00       0x22 ../../../lib/microrl/src/microrl.o
 .debug_macro   0x0000000000000a22       0x35 ../../../lib/microrl/src/microrl.o
 .debug_macro   0x0000000000000a57       0x9c ../../../lib/microrl/src/microrl.o
 .debug_macro   0x0000000000000af3      0x166 ../../../lib/microrl/src/microrl.o
 .debug_macro   0x0000000000000c59       0x4a ../../../lib/microrl/src/microrl.o
 .debug_macro   0x0000000000000ca3       0x52 ../../../lib/microrl/src/microrl.o
 .debug_macro   0x0000000000000cf5       0x16 ../../../lib/microrl/src/microrl.o
 .debug_macro   0x0000000000000d0b       0x43 ../../../lib/microrl/src/microrl.o
 .debug_macro   0x0000000000000d4e      0x180 ../../../lib/microrl/src/microrl.o
 .debug_macro   0x0000000000000ece      0x29d ../../../lib/microrl/src/microrl.o
 .debug_macro   0x000000000000116b       0x10 ../../../lib/microrl/src/microrl.o
 .debug_macro   0x000000000000117b       0x35 ../../../lib/microrl/src/microrl.o
 .debug_macro   0x00000000000011b0       0x94 ../../../lib/microrl/src/microrl.o
 .debug_macro   0x0000000000001244       0x16 ../../../lib/microrl/src/microrl.o
 .debug_macro   0x000000000000125a       0x22 ../../../lib/microrl/src/microrl.o
 .debug_macro   0x000000000000127c       0x5e ../../../lib/microrl/src/microrl.o
 .debug_macro   0x00000000000012da       0xfa ../../../lib/microrl/src/microrl.o
 .debug_macro   0x00000000000013d4       0x1c ../../../lib/microrl/src/microrl.o
 .debug_macro   0x00000000000013f0       0x10 ../../../lib/microrl/src/microrl.o
 .debug_macro   0x0000000000001400       0x10 ../../../lib/microrl/src/microrl.o
 .debug_macro   0x0000000000001410       0x22 ../../../lib/microrl/src/microrl.o
 .debug_macro   0x0000000000001432       0x22 ../../../lib/microrl/src/microrl.o
 .debug_macro   0x0000000000001454       0xbe ../../../lib/microrl/src/microrl.o
 .debug_macro   0x0000000000001512       0x16 ../../../lib/microrl/src/microrl.o
 .debug_macro   0x0000000000001528      0x166 ../../../lib/microrl/src/microrl.o
 .debug_macro   0x000000000000168e      0x11d ../../../lib/tiny-regex-c/re.o
 .debug_macro   0x00000000000017ab       0x16 ../../../lib/tiny-regex-c/re.o
 .debug_macro   0x00000000000017c1       0x97 ../../../lib/tiny-regex-c/re.o
 .debug_macro   0x0000000000001858       0xef ../../../lib/tiny-regex-c/re.o
 .debug_macro   0x0000000000001947      0x23b regex.o
 .debug_macro   0x0000000000001b82       0x44 regex.o
 .debug_macro   0x0000000000001bc6       0xe3 regex.o
 .debug_macro   0x0000000000001ca9      0x1df regex.o
 .debug_macro   0x0000000000001e88       0x22 regex.o
 .debug_macro   0x0000000000001eaa       0xfa regex.o
 .debug_macro   0x0000000000001fa4       0x34 regex.o
 .debug_macro   0x0000000000001fd8      0x15a regex.o
 .debug_macro   0x0000000000002132      0x746 regex.o
 .debug_macro   0x0000000000002878       0x76 regex.o
 .debug_macro   0x00000000000028ee      0x2e6 regex.o
 .debug_macro   0x0000000000002bd4      0x14e regex.o
 .debug_macro   0x0000000000002d22       0x3a regex.o
 .debug_macro   0x0000000000002d5c       0x46 regex.o
 .debug_macro   0x0000000000002da2       0xca regex.o
 .debug_macro   0x0000000000002e6c       0x6a regex.o
 .debug_macro   0x0000000000002ed6       0x94 regex.o
 .debug_macro   0x0000000000002f6a      0x514 regex.o
 .debug_macro   0x000000000000347e       0x1c regex.o
 .debug_macro   0x000000000000349a       0xd1 ../../../lib/libopencm3/lib/libopencm3_stm32f0.a(rcc.o)
 .debug_macro   0x000000000000356b      0x82c ../../../lib/libopencm3/lib/libopencm3_stm32f0.a(rcc.o)
 .debug_macro   0x0000000000003d97       0x16 ../../../lib/libopencm3/lib/libopencm3_stm32f0.a(rcc.o)
 .debug_macro   0x0000000000003dad       0xdc ../../../lib/libopencm3/lib/libopencm3_stm32f0.a(rcc.o)
 .debug_macro   0x0000000000003e89       0xd0 ../../../lib/libopencm3/lib/libopencm3_stm32f0.a(rcc.o)
 .debug_macro   0x0000000000003f59       0xc8 ../../../lib/libopencm3/lib/libopencm3_stm32f0.a(gpio_common_all.o)
 .debug_macro   0x0000000000004021       0xc8 ../../../lib/libopencm3/lib/libopencm3_stm32f0.a(gpio_common_f0234.o)
 .debug_macro   0x00000000000040e9       0xaa ../../../lib/libopencm3/lib/libopencm3_stm32f0.a(flash_common_f01.o)
 .debug_macro   0x0000000000004193       0xc0 ../../../lib/libopencm3/lib/libopencm3_stm32f0.a(rcc_common_all.o)
 .debug_macro   0x0000000000004253       0xcb ../../../lib/libopencm3/lib/libopencm3_stm32f0.a(usart_common_all.o)
 .debug_macro   0x000000000000431e       0xb3 ../../../lib/libopencm3/lib/libopencm3_stm32f0.a(usart_common_v2.o)
 .debug_macro   0x00000000000043d1       0xc1 ../../../lib/libopencm3/lib/libopencm3_stm32f0.a(vector.o)
 .debug_macro   0x0000000000004492      0x1b1 ../../../lib/libopencm3/lib/libopencm3_stm32f0.a(vector.o)
 .debug_macro   0x0000000000004643       0x84 ../../../lib/libopencm3/lib/libopencm3_stm32f0.a(systick.o)
 .debug_macro   0x00000000000046c7       0x64 ../../../lib/libopencm3/lib/libopencm3_stm32f0.a(systick.o)
 .debug_macro   0x000000000000472b       0xa5 ../../../lib/libopencm3/lib/libopencm3_stm32f0.a(nvic.o)
 .debug_macro   0x00000000000047d0       0x40 ../../../lib/libopencm3/lib/libopencm3_stm32f0.a(nvic.o)
 .debug_macro   0x0000000000004810      0x1b0 ../../../lib/libopencm3/lib/libopencm3_stm32f0.a(nvic.o)

.debug_line     0x0000000000000000     0x7d30
 .debug_line    0x0000000000000000      0x4c6 ../../../lib/microrl/src/microrl.o
 .debug_line    0x00000000000004c6      0x37b ../../../lib/tiny-regex-c/re.o
 .debug_line    0x0000000000000841      0x51d regex.o
 .debug_line    0x0000000000000d5e      0x4cb ../../../lib/libopencm3/lib/libopencm3_stm32f0.a(rcc.o)
 .debug_line    0x0000000000001229      0x2bb ../../../lib/libopencm3/lib/libopencm3_stm32f0.a(gpio_common_all.o)
 .debug_line    0x00000000000014e4      0x2a8 ../../../lib/libopencm3/lib/libopencm3_stm32f0.a(gpio_common_f0234.o)
 .debug_line    0x000000000000178c      0x330 ../../../lib/libopencm3/lib/libopencm3_stm32f0.a(flash_common_f01.o)
 .debug_line    0x0000000000001abc      0x2f5 ../../../lib/libopencm3/lib/libopencm3_stm32f0.a(rcc_common_all.o)
 .debug_line    0x0000000000001db1      0x3db ../../../lib/libopencm3/lib/libopencm3_stm32f0.a(usart_common_all.o)
 .debug_line    0x000000000000218c      0x378 ../../../lib/libopencm3/lib/libopencm3_stm32f0.a(usart_common_v2.o)
 .debug_line    0x0000000000002504      0x292 ../../../lib/libopencm3/lib/libopencm3_stm32f0.a(vector.o)
 .debug_line    0x0000000000002796      0x24b ../../../lib/libopencm3/lib/libopencm3_stm32f0.a(systick.o)
 .debug_line    0x00000000000029e1      0x23a ../../../lib/libopencm3/lib/libopencm3_stm32f0.a(nvic.o)
 .debug_line    0x0000000000002c1b      0x114 /usr/lib/gcc/arm-none-eabi/4.9.3/../../../arm-none-eabi/lib/armv6-m/libc.a(lib_a-memcpy.o)
 .debug_line    0x0000000000002d2f      0x115 /usr/lib/gcc/arm-none-eabi/4.9.3/../../../arm-none-eabi/lib/armv6-m/libc.a(lib_a-memmove.o)
 .debug_line    0x0000000000002e44      0x10f /usr/lib/gcc/arm-none-eabi/4.9.3/../../../arm-none-eabi/lib/armv6-m/libc.a(lib_a-memset.o)
 .debug_line    0x0000000000002f53      0x21d /usr/lib/gcc/arm-none-eabi/4.9.3/../../../arm-none-eabi/lib/armv6-m/libc.a(lib_a-snprintf.o)
 .debug_line    0x0000000000003170       0xaa /usr/lib/gcc/arm-none-eabi/4.9.3/../../../arm-none-eabi/lib/armv6-m/libc.a(lib_a-strcmp.o)
 .debug_line    0x000000000000321a       0xbc /usr/lib/gcc/arm-none-eabi/4.9.3/../../../arm-none-eabi/lib/armv6-m/libc.a(lib_a-strcpy.o)
 .debug_line    0x00000000000032d6      0x100 /usr/lib/gcc/arm-none-eabi/4.9.3/../../../arm-none-eabi/lib/armv6-m/libc.a(lib_a-strlen.o)
 .debug_line    0x00000000000033d6      0x29e /usr/lib/gcc/arm-none-eabi/4.9.3/../../../arm-none-eabi/lib/armv6-m/libc.a(lib_a-strstr.o)
 .debug_line    0x0000000000003674      0x932 /usr/lib/gcc/arm-none-eabi/4.9.3/../../../arm-none-eabi/lib/armv6-m/libc.a(lib_a-svfprintf.o)
 .debug_line    0x0000000000003fa6      0x6a4 /usr/lib/gcc/arm-none-eabi/4.9.3/../../../arm-none-eabi/lib/armv6-m/libc.a(lib_a-dtoa.o)
 .debug_line    0x000000000000464a      0x23b /usr/lib/gcc/arm-none-eabi/4.9.3/../../../arm-none-eabi/lib/armv6-m/libc.a(lib_a-freer.o)
 .debug_line    0x0000000000004885       0xf1 /usr/lib/gcc/arm-none-eabi/4.9.3/../../../arm-none-eabi/lib/armv6-m/libc.a(lib_a-impure.o)
 .debug_line    0x0000000000004976      0x201 /usr/lib/gcc/arm-none-eabi/4.9.3/../../../arm-none-eabi/lib/armv6-m/libc.a(lib_a-locale.o)
 .debug_line    0x0000000000004b77      0x38c /usr/lib/gcc/arm-none-eabi/4.9.3/../../../arm-none-eabi/lib/armv6-m/libc.a(lib_a-mallocr.o)
 .debug_line    0x0000000000004f03      0x112 /usr/lib/gcc/arm-none-eabi/4.9.3/../../../arm-none-eabi/lib/armv6-m/libc.a(lib_a-memchr.o)
 .debug_line    0x0000000000005015      0x104 /usr/lib/gcc/arm-none-eabi/4.9.3/../../../arm-none-eabi/lib/armv6-m/libc.a(lib_a-memcmp.o)
 .debug_line    0x0000000000005119      0x111 /usr/lib/gcc/arm-none-eabi/4.9.3/../../../arm-none-eabi/lib/armv6-m/libc.a(lib_a-mlock.o)
 .debug_line    0x000000000000522a      0x6d4 /usr/lib/gcc/arm-none-eabi/4.9.3/../../../arm-none-eabi/lib/armv6-m/libc.a(lib_a-mprec.o)
 .debug_line    0x00000000000058fe      0x146 /usr/lib/gcc/arm-none-eabi/4.9.3/../../../arm-none-eabi/lib/armv6-m/libc.a(lib_a-s_fpclassify.o)
 .debug_line    0x0000000000005a44      0x160 /usr/lib/gcc/arm-none-eabi/4.9.3/../../../arm-none-eabi/lib/armv6-m/libc.a(lib_a-sbrkr.o)
 .debug_line    0x0000000000005ba4       0xe2 /usr/lib/gcc/arm-none-eabi/4.9.3/../../../arm-none-eabi/lib/armv6-m/libc.a(lib_a-strchr.o)
 .debug_line    0x0000000000005c86      0x6af /usr/lib/gcc/arm-none-eabi/4.9.3/../../../arm-none-eabi/lib/armv6-m/libc.a(lib_a-svfiprintf.o)
 .debug_line    0x0000000000006335      0x135 /usr/lib/gcc/arm-none-eabi/4.9.3/../../../arm-none-eabi/lib/armv6-m/libc.a(lib_a-callocr.o)
 .debug_line    0x000000000000646a      0x27c /usr/lib/gcc/arm-none-eabi/4.9.3/../../../arm-none-eabi/lib/armv6-m/libc.a(lib_a-reallocr.o)
 .debug_line    0x00000000000066e6      0x198 /usr/lib/gcc/arm-none-eabi/4.9.3/../../../arm-none-eabi/lib/armv6-m/libc.a(lib_a-reent.o)
 .debug_line    0x000000000000687e       0x66 /usr/lib/gcc/arm-none-eabi/4.9.3/armv6-m/libgcc.a(_thumb1_case_uqi.o)
 .debug_line    0x00000000000068e4       0x6c /usr/lib/gcc/arm-none-eabi/4.9.3/armv6-m/libgcc.a(_udivsi3.o)
 .debug_line    0x0000000000006950       0x73 /usr/lib/gcc/arm-none-eabi/4.9.3/armv6-m/libgcc.a(_divsi3.o)
 .debug_line    0x00000000000069c3       0x5e /usr/lib/gcc/arm-none-eabi/4.9.3/armv6-m/libgcc.a(_dvmd_tls.o)
 .debug_line    0x0000000000006a21       0x76 /usr/lib/gcc/arm-none-eabi/4.9.3/armv6-m/libgcc.a(_arm_cmpdf2.o)
 .debug_line    0x0000000000006a97       0x69 /usr/lib/gcc/arm-none-eabi/4.9.3/armv6-m/libgcc.a(_aeabi_uldivmod.o)
 .debug_line    0x0000000000006b00       0x68 /usr/lib/gcc/arm-none-eabi/4.9.3/armv6-m/libgcc.a(bpabi.o)
 .debug_line    0x0000000000006b68      0x343 /usr/lib/gcc/arm-none-eabi/4.9.3/armv6-m/libgcc.a(adddf3.o)
 .debug_line    0x0000000000006eab      0x267 /usr/lib/gcc/arm-none-eabi/4.9.3/armv6-m/libgcc.a(divdf3.o)
 .debug_line    0x0000000000007112       0xb0 /usr/lib/gcc/arm-none-eabi/4.9.3/armv6-m/libgcc.a(eqdf2.o)
 .debug_line    0x00000000000071c2       0xd6 /usr/lib/gcc/arm-none-eabi/4.9.3/armv6-m/libgcc.a(gedf2.o)
 .debug_line    0x0000000000007298       0xd6 /usr/lib/gcc/arm-none-eabi/4.9.3/armv6-m/libgcc.a(ledf2.o)
 .debug_line    0x000000000000736e      0x1a2 /usr/lib/gcc/arm-none-eabi/4.9.3/armv6-m/libgcc.a(muldf3.o)
 .debug_line    0x0000000000007510      0x366 /usr/lib/gcc/arm-none-eabi/4.9.3/armv6-m/libgcc.a(subdf3.o)
 .debug_line    0x0000000000007876       0x99 /usr/lib/gcc/arm-none-eabi/4.9.3/armv6-m/libgcc.a(fixdfsi.o)
 .debug_line    0x000000000000790f       0x93 /usr/lib/gcc/arm-none-eabi/4.9.3/armv6-m/libgcc.a(floatsidf.o)
 .debug_line    0x00000000000079a2       0x8a /usr/lib/gcc/arm-none-eabi/4.9.3/armv6-m/libgcc.a(floatunsidf.o)
 .debug_line    0x0000000000007a2c       0x72 /usr/lib/gcc/arm-none-eabi/4.9.3/armv6-m/libgcc.a(_clzsi2.o)
 .debug_line    0x0000000000007a9e       0x8d /usr/lib/gcc/arm-none-eabi/4.9.3/armv6-m/libgcc.a(_muldi3.o)
 .debug_line    0x0000000000007b2b       0xab /usr/lib/gcc/arm-none-eabi/4.9.3/armv6-m/libgcc.a(_divdi3.o)
 .debug_line    0x0000000000007bd6       0x9a /usr/lib/gcc/arm-none-eabi/4.9.3/armv6-m/libgcc.a(_udivdi3.o)
 .debug_line    0x0000000000007c70       0x68 /usr/lib/gcc/arm-none-eabi/4.9.3/armv6-m/libgcc.a(_clzdi2.o)
 .debug_line    0x0000000000007cd8       0x58 /usr/lib/gcc/arm-none-eabi/4.9.3/../../../arm-none-eabi/lib/armv6-m/libnosys.a(sbrk.o)

.debug_str      0x0000000000000000    0x11eae
 .debug_str     0x0000000000000000     0x5d79 ../../../lib/microrl/src/microrl.o
                                       0x5f02 (size before relaxing)
 .debug_str     0x0000000000005d79      0x1a6 ../../../lib/tiny-regex-c/re.o
                                       0x56ae (size before relaxing)
 .debug_str     0x0000000000005f1f     0x7647 regex.o
                                       0xc566 (size before relaxing)
 .debug_str     0x000000000000d566      0xd6d ../../../lib/libopencm3/lib/libopencm3_stm32f0.a(rcc.o)
                                       0x6e9e (size before relaxing)
 .debug_str     0x000000000000e2d3       0x83 ../../../lib/libopencm3/lib/libopencm3_stm32f0.a(gpio_common_all.o)
                                       0x5220 (size before relaxing)
 .debug_str     0x000000000000e356       0x79 ../../../lib/libopencm3/lib/libopencm3_stm32f0.a(gpio_common_f0234.o)
                                       0x5242 (size before relaxing)
 .debug_str     0x000000000000e3cf      0x164 ../../../lib/libopencm3/lib/libopencm3_stm32f0.a(flash_common_f01.o)
                                       0x47a8 (size before relaxing)
 .debug_str     0x000000000000e533      0x2fa ../../../lib/libopencm3/lib/libopencm3_stm32f0.a(rcc_common_all.o)
                                       0x669b (size before relaxing)
 .debug_str     0x000000000000e82d      0x16a ../../../lib/libopencm3/lib/libopencm3_stm32f0.a(usart_common_all.o)
                                       0x7f6a (size before relaxing)
 .debug_str     0x000000000000e997      0x190 ../../../lib/libopencm3/lib/libopencm3_stm32f0.a(usart_common_v2.o)
                                       0x5a62 (size before relaxing)
 .debug_str     0x000000000000eb27      0xeaa ../../../lib/libopencm3/lib/libopencm3_stm32f0.a(vector.o)
                                       0x4714 (size before relaxing)
 .debug_str     0x000000000000f9d1       0xbc ../../../lib/libopencm3/lib/libopencm3_stm32f0.a(systick.o)
                                       0x3788 (size before relaxing)
 .debug_str     0x000000000000fa8d      0x9ab ../../../lib/libopencm3/lib/libopencm3_stm32f0.a(nvic.o)
                                       0x4226 (size before relaxing)
 .debug_str     0x0000000000010438      0x144 /usr/lib/gcc/arm-none-eabi/4.9.3/../../../arm-none-eabi/lib/armv6-m/libc.a(lib_a-memcpy.o)
                                        0x1e4 (size before relaxing)
 .debug_str     0x000000000001057c       0x48 /usr/lib/gcc/arm-none-eabi/4.9.3/../../../arm-none-eabi/lib/armv6-m/libc.a(lib_a-memmove.o)
                                        0x1f0 (size before relaxing)
 .debug_str     0x00000000000105c4       0x42 /usr/lib/gcc/arm-none-eabi/4.9.3/../../../arm-none-eabi/lib/armv6-m/libc.a(lib_a-memset.o)
                                        0x1d1 (size before relaxing)
 .debug_str     0x0000000000010606      0x40f /usr/lib/gcc/arm-none-eabi/4.9.3/../../../arm-none-eabi/lib/armv6-m/libc.a(lib_a-snprintf.o)
                                        0x5ca (size before relaxing)
 .debug_str     0x0000000000010a15       0xa0 /usr/lib/gcc/arm-none-eabi/4.9.3/../../../arm-none-eabi/lib/armv6-m/libc.a(lib_a-strcpy.o)
                                        0x1c3 (size before relaxing)
 .debug_str     0x0000000000010ab5       0x2e /usr/lib/gcc/arm-none-eabi/4.9.3/../../../arm-none-eabi/lib/armv6-m/libc.a(lib_a-strlen.o)
                                        0x1d0 (size before relaxing)
 .debug_str     0x0000000000010ae3       0xe9 /usr/lib/gcc/arm-none-eabi/4.9.3/../../../arm-none-eabi/lib/armv6-m/libc.a(lib_a-strstr.o)
                                        0x28c (size before relaxing)
 .debug_str     0x0000000000010bcc      0x336 /usr/lib/gcc/arm-none-eabi/4.9.3/../../../arm-none-eabi/lib/armv6-m/libc.a(lib_a-svfprintf.o)
                                        0x91d (size before relaxing)
 .debug_str     0x0000000000010f02      0x1af /usr/lib/gcc/arm-none-eabi/4.9.3/../../../arm-none-eabi/lib/armv6-m/libc.a(lib_a-dtoa.o)
                                        0x6e0 (size before relaxing)
 .debug_str     0x00000000000110b1      0x174 /usr/lib/gcc/arm-none-eabi/4.9.3/../../../arm-none-eabi/lib/armv6-m/libc.a(lib_a-freer.o)
                                        0x6e7 (size before relaxing)
 .debug_str     0x0000000000011225       0x9d /usr/lib/gcc/arm-none-eabi/4.9.3/../../../arm-none-eabi/lib/armv6-m/libc.a(lib_a-impure.o)
                                        0x58e (size before relaxing)
 .debug_str     0x00000000000112c2      0x173 /usr/lib/gcc/arm-none-eabi/4.9.3/../../../arm-none-eabi/lib/armv6-m/libc.a(lib_a-locale.o)
                                        0x7eb (size before relaxing)
 .debug_str     0x0000000000011435       0xdf /usr/lib/gcc/arm-none-eabi/4.9.3/../../../arm-none-eabi/lib/armv6-m/libc.a(lib_a-mallocr.o)
                                        0x79d (size before relaxing)
 .debug_str     0x0000000000011514       0x38 /usr/lib/gcc/arm-none-eabi/4.9.3/../../../arm-none-eabi/lib/armv6-m/libc.a(lib_a-memchr.o)
                                        0x1d7 (size before relaxing)
 .debug_str     0x000000000001154c       0x2e /usr/lib/gcc/arm-none-eabi/4.9.3/../../../arm-none-eabi/lib/armv6-m/libc.a(lib_a-memcmp.o)
                                        0x1bd (size before relaxing)
 .debug_str     0x000000000001157a       0x42 /usr/lib/gcc/arm-none-eabi/4.9.3/../../../arm-none-eabi/lib/armv6-m/libc.a(lib_a-mlock.o)
                                        0x597 (size before relaxing)
 .debug_str     0x00000000000115bc       0x98 /usr/lib/gcc/arm-none-eabi/4.9.3/../../../arm-none-eabi/lib/armv6-m/libc.a(lib_a-mprec.o)
                                        0x69a (size before relaxing)
 .debug_str     0x0000000000011654       0x99 /usr/lib/gcc/arm-none-eabi/4.9.3/../../../arm-none-eabi/lib/armv6-m/libc.a(lib_a-s_fpclassify.o)
                                        0x1e7 (size before relaxing)
 .debug_str     0x00000000000116ed       0x37 /usr/lib/gcc/arm-none-eabi/4.9.3/../../../arm-none-eabi/lib/armv6-m/libc.a(lib_a-sbrkr.o)
                                        0x585 (size before relaxing)
 .debug_str     0x0000000000011724       0x2e /usr/lib/gcc/arm-none-eabi/4.9.3/../../../arm-none-eabi/lib/armv6-m/libc.a(lib_a-strchr.o)
                                        0x1c8 (size before relaxing)
 .debug_str     0x0000000000011752       0x28 /usr/lib/gcc/arm-none-eabi/4.9.3/../../../arm-none-eabi/lib/armv6-m/libc.a(lib_a-svfiprintf.o)
                                        0x720 (size before relaxing)
 .debug_str     0x000000000001177a        0xf /usr/lib/gcc/arm-none-eabi/4.9.3/../../../arm-none-eabi/lib/armv6-m/libc.a(lib_a-callocr.o)
                                        0x5c7 (size before relaxing)
 .debug_str     0x0000000000011789       0x48 /usr/lib/gcc/arm-none-eabi/4.9.3/../../../arm-none-eabi/lib/armv6-m/libc.a(lib_a-reallocr.o)
                                        0x66f (size before relaxing)
 .debug_str     0x00000000000117d1       0x58 /usr/lib/gcc/arm-none-eabi/4.9.3/../../../arm-none-eabi/lib/armv6-m/libc.a(lib_a-reent.o)
                                        0x5ad (size before relaxing)
 .debug_str     0x0000000000011829      0x19e /usr/lib/gcc/arm-none-eabi/4.9.3/armv6-m/libgcc.a(bpabi.o)
                                        0x1cd (size before relaxing)
 .debug_str     0x00000000000119c7       0xac /usr/lib/gcc/arm-none-eabi/4.9.3/armv6-m/libgcc.a(adddf3.o)
                                        0x26e (size before relaxing)
 .debug_str     0x0000000000011a73       0xb0 /usr/lib/gcc/arm-none-eabi/4.9.3/armv6-m/libgcc.a(divdf3.o)
                                        0x2af (size before relaxing)
 .debug_str     0x0000000000011b23       0x1e /usr/lib/gcc/arm-none-eabi/4.9.3/armv6-m/libgcc.a(eqdf2.o)
                                        0x213 (size before relaxing)
 .debug_str     0x0000000000011b41       0x28 /usr/lib/gcc/arm-none-eabi/4.9.3/armv6-m/libgcc.a(gedf2.o)
                                        0x22b (size before relaxing)
 .debug_str     0x0000000000011b69       0x10 /usr/lib/gcc/arm-none-eabi/4.9.3/armv6-m/libgcc.a(ledf2.o)
                                        0x22b (size before relaxing)
 .debug_str     0x0000000000011b79       0x67 /usr/lib/gcc/arm-none-eabi/4.9.3/armv6-m/libgcc.a(muldf3.o)
                                        0x2c7 (size before relaxing)
 .debug_str     0x0000000000011be0       0x16 /usr/lib/gcc/arm-none-eabi/4.9.3/armv6-m/libgcc.a(subdf3.o)
                                        0x26e (size before relaxing)
 .debug_str     0x0000000000011bf6       0x27 /usr/lib/gcc/arm-none-eabi/4.9.3/armv6-m/libgcc.a(fixdfsi.o)
                                        0x219 (size before relaxing)
 .debug_str     0x0000000000011c1d       0x25 /usr/lib/gcc/arm-none-eabi/4.9.3/armv6-m/libgcc.a(floatsidf.o)
                                        0x21a (size before relaxing)
 .debug_str     0x0000000000011c42       0x1b /usr/lib/gcc/arm-none-eabi/4.9.3/armv6-m/libgcc.a(floatunsidf.o)
                                        0x216 (size before relaxing)
 .debug_str     0x0000000000011c5d       0x5d /usr/lib/gcc/arm-none-eabi/4.9.3/armv6-m/libgcc.a(_muldi3.o)
                                        0x25e (size before relaxing)
 .debug_str     0x0000000000011cba       0xea /usr/lib/gcc/arm-none-eabi/4.9.3/armv6-m/libgcc.a(_divdi3.o)